
There are no discarded input sections

Memory Configuration

Name             Origin             Length             Attributes
*default*        0x00000000         0xffffffff

Linker script and memory map

                0x00020000                        . = 0x20000

.text           0x00020000     0x2835
 *(.text)
 .text          0x00020000        0x9 ./src/stage2/loader.o
 .text          0x00020009      0x948 ./src/stage2/kernel.o
                0x00020009                div_by_zero
                0x00020045                overflow
                0x0002006d                invalid_opcode
                0x00020117                reboot
                0x00020155                _kstart
 .text          0x00020951      0x9d9 ./src/stage2/include/libc/stdio.o
                0x00020951                terminal_initialize
                0x00020a52                terminal_clear
                0x00020b3a                terminal_setcolor
                0x00020b52                terminal_putentryat
                0x00020bf7                terminal_putchar
                0x00020dba                terminal_write
                0x00020e1f                terminal_writestring_color
                0x00020e52                terminal_writestring
                0x00020f22                printf
                0x00021107                convert
                0x00021154                printe
                0x0002117a                printd
                0x000211e7                disable_cursor
                0x00021214                enable_cursor
                0x000212ab                update_cursor
 .text          0x0002132a      0x14d ./src/stage2/include/libc/string.o
                0x0002132a                strlen
                0x0002135f                strcmp
                0x0002139e                strcpy
                0x000213ce                strcat
                0x0002140e                memset
 .text          0x00021477       0x2f ./src/stage2/include/graphics.o
                0x00021477                putpixel
 .text          0x000214a6      0x161 ./src/stage2/include/idt.o
                0x000214a6                default_exception_handler
                0x000214bb                default_exception_handler_err_code
                0x000214d9                default_interrupt_handler
                0x000214ee                set_idt_descriptor
                0x00021546                init_idt
 .text          0x00021607       0x93 ./src/stage2/include/io.o
                0x00021607                outb
                0x00021628                inb
                0x00021645                outw
                0x00021666                inw
                0x00021685                io_wait
 .text          0x0002169a      0x233 ./src/stage2/include/pic.o
                0x0002169a                PIC_sendEOI
                0x000216d0                pic_disable
                0x00021700                IRQ_set_mask
                0x00021766                IRQ_clear_mask
                0x000217ce                remap_PIC
 .text          0x000218cd      0x1d3 ./src/stage2/include/pit.o
                0x000218cd                timer_irq_handler
                0x0002191a                msleep
                0x00021969                set_pit_mode_frequency
                0x000219fa                StartSound
                0x00021a4a                StopSound
                0x00021a76                beep
 .text          0x00021aa0      0x49b ./src/stage2/include/rtc.o
                0x00021b0e                rtc_handler
                0x00021e7b                enable_rtc
                0x00021ecb                print_time
 .text          0x00021f3b      0x2aa ./src/stage2/drivers/ata.o
                0x00021f3b                ata_write_sector
                0x00022086                ata_read_sector
 .text          0x000221e5      0x650 ./src/stage2/drivers/keyboard.o
                0x000221e5                put_kb
                0x00022738                kbd_handler
                0x000227ce                get_input

.iplt           0x00022835        0x0
 .iplt          0x00022835        0x0 ./src/stage2/loader.o

.rodata         0x00022838      0x2c7
 *(.rodata)
 .rodata        0x00022838      0x19e ./src/stage2/kernel.o
 *fill*         0x000229d6        0x2 
 .rodata        0x000229d8       0x94 ./src/stage2/include/libc/stdio.o
 *fill*         0x00022a6c        0x4 
 .rodata        0x00022a70       0x10 ./src/stage2/include/pit.o
 .rodata        0x00022a80       0x2d ./src/stage2/include/rtc.o
 *fill*         0x00022aad        0x3 
 .rodata        0x00022ab0       0x14 ./src/stage2/drivers/ata.o
 *fill*         0x00022ac4        0x4 
 .rodata        0x00022ac8       0x37 ./src/stage2/drivers/keyboard.o

.rel.dyn        0x00022b00        0x0
 .rel.got       0x00022b00        0x0 ./src/stage2/loader.o
 .rel.iplt      0x00022b00        0x0 ./src/stage2/loader.o

.data           0x00022b00       0x24
 *(.data)
 .data          0x00022b00        0x0 ./src/stage2/kernel.o
 .data          0x00022b00       0x11 ./src/stage2/include/libc/stdio.o
 .data          0x00022b11        0x0 ./src/stage2/include/libc/string.o
 .data          0x00022b11        0x0 ./src/stage2/include/graphics.o
 .data          0x00022b11        0x0 ./src/stage2/include/idt.o
 .data          0x00022b11        0x0 ./src/stage2/include/io.o
 .data          0x00022b11        0x0 ./src/stage2/include/pic.o
 .data          0x00022b11        0x0 ./src/stage2/include/pit.o
 .data          0x00022b11        0x0 ./src/stage2/include/rtc.o
 .data          0x00022b11        0x0 ./src/stage2/drivers/ata.o
 *fill*         0x00022b11        0x3 
 .data          0x00022b14       0x10 ./src/stage2/drivers/keyboard.o
                0x00022b14                __qwertyuiop
                0x00022b18                __asdfghjkl
                0x00022b1c                __zxcvbnm
                0x00022b20                __num

.got            0x00022b24        0x0
 .got           0x00022b24        0x0 ./src/stage2/loader.o

.got.plt        0x00022b24        0x0
 .got.plt       0x00022b24        0x0 ./src/stage2/loader.o

.igot.plt       0x00022b24        0x0
 .igot.plt      0x00022b24        0x0 ./src/stage2/loader.o

.bss            0x00022b40      0x9c1
 *(.bss)
 .bss           0x00022b40        0x2 ./src/stage2/kernel.o
                0x00022b40                pit_freq
 *fill*         0x00022b42       0x1e 
 .bss           0x00022b60       0x52 ./src/stage2/include/libc/stdio.o
                0x00022b60                terminal_row
                0x00022b68                terminal_column
                0x00022b70                terminal_color
                0x00022b74                terminal_buffer
 .bss           0x00022bb2        0x0 ./src/stage2/include/libc/string.o
 .bss           0x00022bb2        0x0 ./src/stage2/include/graphics.o
 *fill*         0x00022bb2        0xe 
 .bss           0x00022bc0      0x806 ./src/stage2/include/idt.o
                0x00022bc0                idt
                0x000233c0                idtr
 .bss           0x000233c6        0x0 ./src/stage2/include/io.o
 .bss           0x000233c6        0x0 ./src/stage2/include/pic.o
 *fill*         0x000233c6        0x2 
 .bss           0x000233c8        0x8 ./src/stage2/include/pit.o
                0x000233c8                sleep_counter
                0x000233cc                ticks
 .bss           0x000233d0        0xc ./src/stage2/include/rtc.o
                0x000233d0                global_time
 .bss           0x000233dc        0x0 ./src/stage2/drivers/ata.o
 *fill*         0x000233dc        0x4 
 .bss           0x000233e0      0x121 ./src/stage2/drivers/keyboard.o
                0x000233e0                last_pressed_key
                0x00023400                keycache
                0x00023500                kci
LOAD ./src/stage2/loader.o
LOAD ./src/stage2/kernel.o
LOAD ./src/stage2/include/libc/stdio.o
LOAD ./src/stage2/include/libc/string.o
LOAD ./src/stage2/include/graphics.o
LOAD ./src/stage2/include/idt.o
LOAD ./src/stage2/include/io.o
LOAD ./src/stage2/include/pic.o
LOAD ./src/stage2/include/pit.o
LOAD ./src/stage2/include/rtc.o
LOAD ./src/stage2/drivers/ata.o
LOAD ./src/stage2/drivers/keyboard.o
OUTPUT(./src/stage2/kernel.elf elf32-i386)

.debug_info     0x00000000     0x2158
 .debug_info    0x00000000      0x4ea ./src/stage2/kernel.o
 .debug_info    0x000004ea      0x642 ./src/stage2/include/libc/stdio.o
 .debug_info    0x00000b2c      0x1c7 ./src/stage2/include/libc/string.o
 .debug_info    0x00000cf3       0xa8 ./src/stage2/include/graphics.o
 .debug_info    0x00000d9b      0x2ad ./src/stage2/include/idt.o
 .debug_info    0x00001048      0x137 ./src/stage2/include/io.o
 .debug_info    0x0000117f      0x175 ./src/stage2/include/pic.o
 .debug_info    0x000012f4      0x290 ./src/stage2/include/pit.o
 .debug_info    0x00001584      0x305 ./src/stage2/include/rtc.o
 .debug_info    0x00001889      0x204 ./src/stage2/drivers/ata.o
 .debug_info    0x00001a8d      0x6cb ./src/stage2/drivers/keyboard.o

.debug_abbrev   0x00000000      0xe24
 .debug_abbrev  0x00000000      0x258 ./src/stage2/kernel.o
 .debug_abbrev  0x00000258      0x1db ./src/stage2/include/libc/stdio.o
 .debug_abbrev  0x00000433       0xb5 ./src/stage2/include/libc/string.o
 .debug_abbrev  0x000004e8       0x89 ./src/stage2/include/graphics.o
 .debug_abbrev  0x00000571      0x172 ./src/stage2/include/idt.o
 .debug_abbrev  0x000006e3       0xbd ./src/stage2/include/io.o
 .debug_abbrev  0x000007a0       0xff ./src/stage2/include/pic.o
 .debug_abbrev  0x0000089f      0x13b ./src/stage2/include/pit.o
 .debug_abbrev  0x000009da      0x175 ./src/stage2/include/rtc.o
 .debug_abbrev  0x00000b4f      0x10b ./src/stage2/drivers/ata.o
 .debug_abbrev  0x00000c5a      0x1ca ./src/stage2/drivers/keyboard.o

.debug_aranges  0x00000000      0x160
 .debug_aranges
                0x00000000       0x20 ./src/stage2/kernel.o
 .debug_aranges
                0x00000020       0x20 ./src/stage2/include/libc/stdio.o
 .debug_aranges
                0x00000040       0x20 ./src/stage2/include/libc/string.o
 .debug_aranges
                0x00000060       0x20 ./src/stage2/include/graphics.o
 .debug_aranges
                0x00000080       0x20 ./src/stage2/include/idt.o
 .debug_aranges
                0x000000a0       0x20 ./src/stage2/include/io.o
 .debug_aranges
                0x000000c0       0x20 ./src/stage2/include/pic.o
 .debug_aranges
                0x000000e0       0x20 ./src/stage2/include/pit.o
 .debug_aranges
                0x00000100       0x20 ./src/stage2/include/rtc.o
 .debug_aranges
                0x00000120       0x20 ./src/stage2/drivers/ata.o
 .debug_aranges
                0x00000140       0x20 ./src/stage2/drivers/keyboard.o

.debug_line     0x00000000     0x1322
 .debug_line    0x00000000      0x3f6 ./src/stage2/kernel.o
 .debug_line    0x000003f6      0x35f ./src/stage2/include/libc/stdio.o
 .debug_line    0x00000755      0x139 ./src/stage2/include/libc/string.o
 .debug_line    0x0000088e       0x61 ./src/stage2/include/graphics.o
 .debug_line    0x000008ef      0x10d ./src/stage2/include/idt.o
 .debug_line    0x000009fc       0x84 ./src/stage2/include/io.o
 .debug_line    0x00000a80       0xdf ./src/stage2/include/pic.o
 .debug_line    0x00000b5f      0x11c ./src/stage2/include/pit.o
 .debug_line    0x00000c7b      0x242 ./src/stage2/include/rtc.o
 .debug_line    0x00000ebd      0x1bb ./src/stage2/drivers/ata.o
 .debug_line    0x00001078      0x2aa ./src/stage2/drivers/keyboard.o

.debug_str      0x00000000      0xf09
 .debug_str     0x00000000      0xf09 ./src/stage2/kernel.o
                                0x3de (size before relaxing)
 .debug_str     0x00000f09      0x2f0 ./src/stage2/include/libc/stdio.o
 .debug_str     0x00000f09       0xf4 ./src/stage2/include/libc/string.o
 .debug_str     0x00000f09       0xce ./src/stage2/include/graphics.o
 .debug_str     0x00000f09      0x1e4 ./src/stage2/include/idt.o
 .debug_str     0x00000f09       0xd3 ./src/stage2/include/io.o
 .debug_str     0x00000f09      0x12a ./src/stage2/include/pic.o
 .debug_str     0x00000f09      0x1b8 ./src/stage2/include/pit.o
 .debug_str     0x00000f09      0x1e0 ./src/stage2/include/rtc.o
 .debug_str     0x00000f09      0x13d ./src/stage2/drivers/ata.o
 .debug_str     0x00000f09      0xaeb ./src/stage2/drivers/keyboard.o

.debug_line_str
                0x00000000      0x3cd
 .debug_line_str
                0x00000000      0x3cd ./src/stage2/kernel.o
                                0x1b6 (size before relaxing)
 .debug_line_str
                0x000003cd      0x11b ./src/stage2/include/libc/stdio.o
 .debug_line_str
                0x000003cd       0xbe ./src/stage2/include/libc/string.o
 .debug_line_str
                0x000003cd       0xb0 ./src/stage2/include/graphics.o
 .debug_line_str
                0x000003cd       0xa5 ./src/stage2/include/idt.o
 .debug_line_str
                0x000003cd       0x9c ./src/stage2/include/io.o
 .debug_line_str
                0x000003cd       0xbb ./src/stage2/include/pic.o
 .debug_line_str
                0x000003cd      0x106 ./src/stage2/include/pit.o
 .debug_line_str
                0x000003cd      0x111 ./src/stage2/include/rtc.o
 .debug_line_str
                0x000003cd       0xd5 ./src/stage2/drivers/ata.o
 .debug_line_str
                0x000003cd      0x12f ./src/stage2/drivers/keyboard.o

.comment        0x00000000       0x12
 .comment       0x00000000       0x12 ./src/stage2/kernel.o
                                 0x13 (size before relaxing)
 .comment       0x00000012       0x13 ./src/stage2/include/libc/stdio.o
 .comment       0x00000012       0x13 ./src/stage2/include/libc/string.o
 .comment       0x00000012       0x13 ./src/stage2/include/graphics.o
 .comment       0x00000012       0x13 ./src/stage2/include/idt.o
 .comment       0x00000012       0x13 ./src/stage2/include/io.o
 .comment       0x00000012       0x13 ./src/stage2/include/pic.o
 .comment       0x00000012       0x13 ./src/stage2/include/pit.o
 .comment       0x00000012       0x13 ./src/stage2/include/rtc.o
 .comment       0x00000012       0x13 ./src/stage2/drivers/ata.o
 .comment       0x00000012       0x13 ./src/stage2/drivers/keyboard.o

.debug_frame    0x00000000      0x91c
 .debug_frame   0x00000000      0x11c ./src/stage2/kernel.o
 .debug_frame   0x0000011c      0x238 ./src/stage2/include/libc/stdio.o
 .debug_frame   0x00000354       0xc0 ./src/stage2/include/libc/string.o
 .debug_frame   0x00000414       0x34 ./src/stage2/include/graphics.o
 .debug_frame   0x00000448       0xc4 ./src/stage2/include/idt.o
 .debug_frame   0x0000050c       0xb4 ./src/stage2/include/io.o
 .debug_frame   0x000005c0       0xbc ./src/stage2/include/pic.o
 .debug_frame   0x0000067c       0xe0 ./src/stage2/include/pit.o
 .debug_frame   0x0000075c       0xe0 ./src/stage2/include/rtc.o
 .debug_frame   0x0000083c       0x58 ./src/stage2/drivers/ata.o
 .debug_frame   0x00000894       0x88 ./src/stage2/drivers/keyboard.o
