
There are no discarded input sections

Memory Configuration

Name             Origin             Length             Attributes
*default*        0x00000000         0xffffffff

Linker script and memory map

                0x00020000                        . = 0x20000

.text           0x00020000     0x2873
 *(.text)
 .text          0x00020000        0x9 ./src/stage2/loader.o
 .text          0x00020009      0x30a ./src/stage2/kernel.o
                0x00020077                div_by_zero
                0x000200b3                overflow
                0x000200db                invalid_opcode
                0x00020117                reboot
                0x00020155                dbg
                0x00020196                _kstart
 .text          0x00020313      0xa68 ./src/stage2/include/libc/stdio.o
                0x00020313                terminal_initialize
                0x00020414                terminal_clear
                0x000204fc                terminal_setcolor
                0x00020514                terminal_putentryat
                0x000205b9                terminal_putchar
                0x0002077c                terminal_write
                0x000207e1                terminal_writestring_color
                0x00020814                terminal_writestring
                0x00020973                printf
                0x00020b58                convert
                0x00020ba5                printe
                0x00020bcb                printd
                0x00020c38                disable_cursor
                0x00020c65                enable_cursor
                0x00020cfc                update_cursor
 .text          0x00020d7b      0x14d ./src/stage2/include/libc/string.o
                0x00020d7b                strlen
                0x00020db0                strcmp
                0x00020def                strcpy
                0x00020e1f                strcat
                0x00020e5f                memset
 .text          0x00020ec8      0x110 ./src/stage2/include/graphics.o
                0x00020ec8                putpixel
                0x00020ef7                init_screen
                0x00020f51                draw
 .text          0x00020fd8      0x161 ./src/stage2/include/idt.o
                0x00020fd8                default_exception_handler
                0x00020fed                default_exception_handler_err_code
                0x0002100b                default_interrupt_handler
                0x00021020                set_idt_descriptor
                0x00021078                init_idt
 .text          0x00021139       0x93 ./src/stage2/include/io.o
                0x00021139                outb
                0x0002115a                inb
                0x00021177                outw
                0x00021198                inw
                0x000211b7                io_wait
 .text          0x000211cc      0x233 ./src/stage2/include/pic.o
                0x000211cc                PIC_sendEOI
                0x00021202                pic_disable
                0x00021232                IRQ_set_mask
                0x00021298                IRQ_clear_mask
                0x00021300                remap_PIC
 .text          0x000213ff      0x1d3 ./src/stage2/include/pit.o
                0x000213ff                timer_irq_handler
                0x0002144c                msleep
                0x0002149b                set_pit_mode_frequency
                0x0002152c                StartSound
                0x0002157c                StopSound
                0x000215a8                beep
 .text          0x000215d2      0x4f5 ./src/stage2/include/rtc.o
                0x00021640                rtc_handler
                0x000219ad                enable_rtc
                0x000219fd                print_time
 .text          0x00021ac7      0x2aa ./src/stage2/drivers/ata.o
                0x00021ac7                ata_write_sector
                0x00021c12                ata_read_sector
 .text          0x00021d71      0x663 ./src/stage2/drivers/keyboard.o
                0x00021d71                put_kb
                0x000222c4                kbd_handler
                0x0002236d                get_input
 .text          0x000223d4      0x49f ./src/stage2/drivers/serial.o
                0x000223d4                init_serial
                0x000224de                write_char_serial
                0x0002250f                write_string_serial
                0x000226a2                prints

.iplt           0x00022873        0x0
 .iplt          0x00022873        0x0 ./src/stage2/loader.o

.rodata         0x00022878      0x214
 *(.rodata)
 .rodata        0x00022878       0x65 ./src/stage2/kernel.o
 *fill*         0x000228dd        0x3 
 .rodata        0x000228e0       0x94 ./src/stage2/include/libc/stdio.o
 *fill*         0x00022974        0x4 
 .rodata        0x00022978       0x10 ./src/stage2/include/pit.o
 .rodata        0x00022988       0x2d ./src/stage2/include/rtc.o
 *fill*         0x000229b5        0x3 
 .rodata        0x000229b8       0x14 ./src/stage2/drivers/ata.o
 *fill*         0x000229cc        0x4 
 .rodata        0x000229d0       0x37 ./src/stage2/drivers/keyboard.o
 *fill*         0x00022a07        0x1 
 .rodata        0x00022a08       0x84 ./src/stage2/drivers/serial.o

.rel.dyn        0x00022a8c        0x0
 .rel.got       0x00022a8c        0x0 ./src/stage2/loader.o
 .rel.iplt      0x00022a8c        0x0 ./src/stage2/loader.o

.data           0x00022aa0       0xb5
 *(.data)
 .data          0x00022aa0       0x80 ./src/stage2/kernel.o
                0x00022aa0                x
                0x00022ae0                heart
 .data          0x00022b20       0x11 ./src/stage2/include/libc/stdio.o
 .data          0x00022b31        0x0 ./src/stage2/include/libc/string.o
 .data          0x00022b31        0x0 ./src/stage2/include/graphics.o
 .data          0x00022b31        0x0 ./src/stage2/include/idt.o
 .data          0x00022b31        0x0 ./src/stage2/include/io.o
 .data          0x00022b31        0x0 ./src/stage2/include/pic.o
 .data          0x00022b31        0x0 ./src/stage2/include/pit.o
 .data          0x00022b31        0x0 ./src/stage2/include/rtc.o
 .data          0x00022b31        0x0 ./src/stage2/drivers/ata.o
 *fill*         0x00022b31        0x3 
 .data          0x00022b34       0x10 ./src/stage2/drivers/keyboard.o
                0x00022b34                __qwertyuiop
                0x00022b38                __asdfghjkl
                0x00022b3c                __zxcvbnm
                0x00022b40                __num
 .data          0x00022b44       0x11 ./src/stage2/drivers/serial.o

.got            0x00022b58        0x0
 .got           0x00022b58        0x0 ./src/stage2/loader.o

.got.plt        0x00022b58        0x0
 .got.plt       0x00022b58        0x0 ./src/stage2/loader.o

.igot.plt       0x00022b58        0x0
 .igot.plt      0x00022b58        0x0 ./src/stage2/loader.o

.bss            0x00022b60      0xa32
 *(.bss)
 .bss           0x00022b60        0x2 ./src/stage2/kernel.o
                0x00022b60                pit_freq
 *fill*         0x00022b62       0x1e 
 .bss           0x00022b80       0x52 ./src/stage2/include/libc/stdio.o
                0x00022b80                terminal_row
                0x00022b88                terminal_column
                0x00022b90                terminal_color
                0x00022b94                terminal_buffer
 .bss           0x00022bd2        0x0 ./src/stage2/include/libc/string.o
 .bss           0x00022bd2        0x1 ./src/stage2/include/graphics.o
                0x00022bd2                init_color
 *fill*         0x00022bd3        0xd 
 .bss           0x00022be0      0x806 ./src/stage2/include/idt.o
                0x00022be0                idt
                0x000233e0                idtr
 .bss           0x000233e6        0x0 ./src/stage2/include/io.o
 .bss           0x000233e6        0x0 ./src/stage2/include/pic.o
 *fill*         0x000233e6        0x2 
 .bss           0x000233e8        0x8 ./src/stage2/include/pit.o
                0x000233e8                sleep_counter
                0x000233ec                ticks
 .bss           0x000233f0        0xc ./src/stage2/include/rtc.o
                0x000233f0                global_time
 .bss           0x000233fc        0x0 ./src/stage2/drivers/ata.o
 *fill*         0x000233fc        0x4 
 .bss           0x00023400      0x121 ./src/stage2/drivers/keyboard.o
                0x00023400                wait_key
                0x00023401                last_pressed_key
                0x00023420                keycache
                0x00023520                kci
 *fill*         0x00023521       0x1f 
 .bss           0x00023540       0x52 ./src/stage2/drivers/serial.o
                0x00023540                is_serial_on
LOAD ./src/stage2/loader.o
LOAD ./src/stage2/kernel.o
LOAD ./src/stage2/include/libc/stdio.o
LOAD ./src/stage2/include/libc/string.o
LOAD ./src/stage2/include/graphics.o
LOAD ./src/stage2/include/idt.o
LOAD ./src/stage2/include/io.o
LOAD ./src/stage2/include/pic.o
LOAD ./src/stage2/include/pit.o
LOAD ./src/stage2/include/rtc.o
LOAD ./src/stage2/drivers/ata.o
LOAD ./src/stage2/drivers/keyboard.o
LOAD ./src/stage2/drivers/serial.o
OUTPUT(./src/stage2/kernel.elf elf32-i386)

.debug_info     0x00000000     0x252a
 .debug_info    0x00000000      0x423 ./src/stage2/kernel.o
 .debug_info    0x00000423      0x651 ./src/stage2/include/libc/stdio.o
 .debug_info    0x00000a74      0x1c7 ./src/stage2/include/libc/string.o
 .debug_info    0x00000c3b      0x1bb ./src/stage2/include/graphics.o
 .debug_info    0x00000df6      0x2ad ./src/stage2/include/idt.o
 .debug_info    0x000010a3      0x137 ./src/stage2/include/io.o
 .debug_info    0x000011da      0x175 ./src/stage2/include/pic.o
 .debug_info    0x0000134f      0x290 ./src/stage2/include/pit.o
 .debug_info    0x000015df      0x324 ./src/stage2/include/rtc.o
 .debug_info    0x00001903      0x204 ./src/stage2/drivers/ata.o
 .debug_info    0x00001b07      0x6ef ./src/stage2/drivers/keyboard.o
 .debug_info    0x000021f6      0x334 ./src/stage2/drivers/serial.o

.debug_abbrev   0x00000000     0x1043
 .debug_abbrev  0x00000000      0x23f ./src/stage2/kernel.o
 .debug_abbrev  0x0000023f      0x1db ./src/stage2/include/libc/stdio.o
 .debug_abbrev  0x0000041a       0xb5 ./src/stage2/include/libc/string.o
 .debug_abbrev  0x000004cf      0x119 ./src/stage2/include/graphics.o
 .debug_abbrev  0x000005e8      0x172 ./src/stage2/include/idt.o
 .debug_abbrev  0x0000075a       0xbd ./src/stage2/include/io.o
 .debug_abbrev  0x00000817       0xff ./src/stage2/include/pic.o
 .debug_abbrev  0x00000916      0x13b ./src/stage2/include/pit.o
 .debug_abbrev  0x00000a51      0x176 ./src/stage2/include/rtc.o
 .debug_abbrev  0x00000bc7      0x10b ./src/stage2/drivers/ata.o
 .debug_abbrev  0x00000cd2      0x1ca ./src/stage2/drivers/keyboard.o
 .debug_abbrev  0x00000e9c      0x1a7 ./src/stage2/drivers/serial.o

.debug_aranges  0x00000000      0x180
 .debug_aranges
                0x00000000       0x20 ./src/stage2/kernel.o
 .debug_aranges
                0x00000020       0x20 ./src/stage2/include/libc/stdio.o
 .debug_aranges
                0x00000040       0x20 ./src/stage2/include/libc/string.o
 .debug_aranges
                0x00000060       0x20 ./src/stage2/include/graphics.o
 .debug_aranges
                0x00000080       0x20 ./src/stage2/include/idt.o
 .debug_aranges
                0x000000a0       0x20 ./src/stage2/include/io.o
 .debug_aranges
                0x000000c0       0x20 ./src/stage2/include/pic.o
 .debug_aranges
                0x000000e0       0x20 ./src/stage2/include/pit.o
 .debug_aranges
                0x00000100       0x20 ./src/stage2/include/rtc.o
 .debug_aranges
                0x00000120       0x20 ./src/stage2/drivers/ata.o
 .debug_aranges
                0x00000140       0x20 ./src/stage2/drivers/keyboard.o
 .debug_aranges
                0x00000160       0x20 ./src/stage2/drivers/serial.o

.debug_line     0x00000000     0x13c0
 .debug_line    0x00000000      0x166 ./src/stage2/kernel.o
 .debug_line    0x00000166      0x380 ./src/stage2/include/libc/stdio.o
 .debug_line    0x000004e6      0x139 ./src/stage2/include/libc/string.o
 .debug_line    0x0000061f       0xfa ./src/stage2/include/graphics.o
 .debug_line    0x00000719      0x10d ./src/stage2/include/idt.o
 .debug_line    0x00000826       0x84 ./src/stage2/include/io.o
 .debug_line    0x000008aa       0xdf ./src/stage2/include/pic.o
 .debug_line    0x00000989      0x11c ./src/stage2/include/pit.o
 .debug_line    0x00000aa5      0x298 ./src/stage2/include/rtc.o
 .debug_line    0x00000d3d      0x1bb ./src/stage2/drivers/ata.o
 .debug_line    0x00000ef8      0x2c7 ./src/stage2/drivers/keyboard.o
 .debug_line    0x000011bf      0x201 ./src/stage2/drivers/serial.o

.debug_str      0x00000000      0xe69
 .debug_str     0x00000000      0xe69 ./src/stage2/kernel.o
                                0x260 (size before relaxing)
 .debug_str     0x00000e69      0x2f0 ./src/stage2/include/libc/stdio.o
 .debug_str     0x00000e69       0xf4 ./src/stage2/include/libc/string.o
 .debug_str     0x00000e69       0xef ./src/stage2/include/graphics.o
 .debug_str     0x00000e69      0x1e4 ./src/stage2/include/idt.o
 .debug_str     0x00000e69       0xd3 ./src/stage2/include/io.o
 .debug_str     0x00000e69      0x12a ./src/stage2/include/pic.o
 .debug_str     0x00000e69      0x1b8 ./src/stage2/include/pit.o
 .debug_str     0x00000e69      0x1ee ./src/stage2/include/rtc.o
 .debug_str     0x00000e69      0x13d ./src/stage2/drivers/ata.o
 .debug_str     0x00000e69      0xaf9 ./src/stage2/drivers/keyboard.o
 .debug_str     0x00000e69      0x1d6 ./src/stage2/drivers/serial.o

.debug_line_str
                0x00000000      0x3fb
 .debug_line_str
                0x00000000      0x3fb ./src/stage2/kernel.o
                                0x16d (size before relaxing)
 .debug_line_str
                0x000003fb      0x11b ./src/stage2/include/libc/stdio.o
 .debug_line_str
                0x000003fb       0xbe ./src/stage2/include/libc/string.o
 .debug_line_str
                0x000003fb       0xd0 ./src/stage2/include/graphics.o
 .debug_line_str
                0x000003fb       0xa5 ./src/stage2/include/idt.o
 .debug_line_str
                0x000003fb       0x9c ./src/stage2/include/io.o
 .debug_line_str
                0x000003fb       0xbb ./src/stage2/include/pic.o
 .debug_line_str
                0x000003fb      0x106 ./src/stage2/include/pit.o
 .debug_line_str
                0x000003fb      0x13a ./src/stage2/include/rtc.o
 .debug_line_str
                0x000003fb       0xd5 ./src/stage2/drivers/ata.o
 .debug_line_str
                0x000003fb      0x15e ./src/stage2/drivers/keyboard.o
 .debug_line_str
                0x000003fb      0x10d ./src/stage2/drivers/serial.o

.comment        0x00000000       0x12
 .comment       0x00000000       0x12 ./src/stage2/kernel.o
                                 0x13 (size before relaxing)
 .comment       0x00000012       0x13 ./src/stage2/include/libc/stdio.o
 .comment       0x00000012       0x13 ./src/stage2/include/libc/string.o
 .comment       0x00000012       0x13 ./src/stage2/include/graphics.o
 .comment       0x00000012       0x13 ./src/stage2/include/idt.o
 .comment       0x00000012       0x13 ./src/stage2/include/io.o
 .comment       0x00000012       0x13 ./src/stage2/include/pic.o
 .comment       0x00000012       0x13 ./src/stage2/include/pit.o
 .comment       0x00000012       0x13 ./src/stage2/include/rtc.o
 .comment       0x00000012       0x13 ./src/stage2/drivers/ata.o
 .comment       0x00000012       0x13 ./src/stage2/drivers/keyboard.o
 .comment       0x00000012       0x13 ./src/stage2/drivers/serial.o

.debug_frame    0x00000000      0xa90
 .debug_frame   0x00000000      0x148 ./src/stage2/kernel.o
 .debug_frame   0x00000148      0x240 ./src/stage2/include/libc/stdio.o
 .debug_frame   0x00000388       0xc0 ./src/stage2/include/libc/string.o
 .debug_frame   0x00000448       0x74 ./src/stage2/include/graphics.o
 .debug_frame   0x000004bc       0xc4 ./src/stage2/include/idt.o
 .debug_frame   0x00000580       0xb4 ./src/stage2/include/io.o
 .debug_frame   0x00000634       0xbc ./src/stage2/include/pic.o
 .debug_frame   0x000006f0       0xe0 ./src/stage2/include/pit.o
 .debug_frame   0x000007d0       0xe0 ./src/stage2/include/rtc.o
 .debug_frame   0x000008b0       0x58 ./src/stage2/drivers/ata.o
 .debug_frame   0x00000908       0x88 ./src/stage2/drivers/keyboard.o
 .debug_frame   0x00000990      0x100 ./src/stage2/drivers/serial.o
