
There are no discarded input sections

Memory Configuration

Name             Origin             Length             Attributes
*default*        0x00000000         0xffffffff

Linker script and memory map

                0x00020000                        . = 0x20000

.text           0x00020000     0x28b6
 *(.text)
 .text          0x00020000        0x9 ./src/stage2/loader.o
 .text          0x00020009      0x344 ./src/stage2/kernel.o
                0x00020077                div_by_zero
                0x000200b3                overflow
                0x000200db                invalid_opcode
                0x00020117                reboot
                0x00020155                dbg
                0x000201a6                _kstart
 .text          0x0002034d      0xbcf ./src/stage2/include/libc/stdio.o
                0x0002034d                terminal_initialize
                0x0002044e                terminal_clear
                0x00020536                terminal_setcolor
                0x0002054e                terminal_putentryat
                0x000205f3                terminal_putchar
                0x000207b6                terminal_write
                0x0002081b                terminal_writestring_color
                0x0002084e                terminal_writestring
                0x00020a2c                vsprintf
                0x00020c24                printf
                0x00020c7f                prints
                0x00020cda                printv
                0x00020d46                printe
                0x00020d6c                printd
                0x00020dd9                disable_cursor
                0x00020e06                enable_cursor
                0x00020e9d                update_cursor
 .text          0x00020f1c      0x19f ./src/stage2/include/libc/string.o
                0x00020f1c                strlen
                0x00020f51                strcmp
                0x00020f90                strcpy
                0x00020fc0                strcat
                0x00021000                memset
                0x00021069                memcpy
 .text          0x000210bb      0x3ee ./src/stage2/include/graphics.o
                0x000210bb                putpixel
                0x00021104                init_screen
                0x0002114a                clear_screen
                0x00021172                draw
                0x000211e6                fill_rect
                0x00021233                finish
                0x000212d2                write_char
                0x00021378                write_string
                0x0002141f                putchar
 .text          0x000214a9      0x161 ./src/stage2/include/idt.o
                0x000214a9                default_exception_handler
                0x000214be                default_exception_handler_err_code
                0x000214dc                default_interrupt_handler
                0x000214f1                set_idt_descriptor
                0x00021549                init_idt
 .text          0x0002160a       0x93 ./src/stage2/include/io.o
                0x0002160a                outb
                0x0002162b                inb
                0x00021648                outw
                0x00021669                inw
                0x00021688                io_wait
 .text          0x0002169d      0x233 ./src/stage2/include/pic.o
                0x0002169d                PIC_sendEOI
                0x000216d3                pic_disable
                0x00021703                IRQ_set_mask
                0x00021769                IRQ_clear_mask
                0x000217d1                remap_PIC
 .text          0x000218d0      0x1d3 ./src/stage2/include/pit.o
                0x000218d0                timer_irq_handler
                0x0002191d                msleep
                0x0002196c                set_pit_mode_frequency
                0x000219fd                StartSound
                0x00021a4d                StopSound
                0x00021a79                beep
 .text          0x00021aa3      0x4f5 ./src/stage2/include/rtc.o
                0x00021b11                rtc_handler
                0x00021e7e                enable_rtc
                0x00021ece                print_time
 .text          0x00021f98      0x2aa ./src/stage2/drivers/ata.o
                0x00021f98                ata_write_sector
                0x000220e3                ata_read_sector
 .text          0x00022242      0x4fa ./src/stage2/drivers/keyboard.o
                0x00022242                put_kb
                0x0002262c                kbd_handler
                0x000226d5                get_input
 .text          0x0002273c      0x17a ./src/stage2/drivers/serial.o
                0x0002273c                init_serial
                0x00022846                write_char_serial
                0x00022877                write_string_serial

.iplt           0x000228b6        0x0
 .iplt          0x000228b6        0x0 ./src/stage2/loader.o

.rodata         0x000228b8      0x1a7
 *(.rodata)
 .rodata        0x000228b8       0x79 ./src/stage2/kernel.o
 *fill*         0x00022931        0x7 
 .rodata        0x00022938       0x94 ./src/stage2/include/libc/stdio.o
 *fill*         0x000229cc        0x4 
 .rodata        0x000229d0       0x10 ./src/stage2/include/pit.o
 .rodata        0x000229e0       0x2d ./src/stage2/include/rtc.o
 *fill*         0x00022a0d        0x3 
 .rodata        0x00022a10       0x14 ./src/stage2/drivers/ata.o
 *fill*         0x00022a24        0x4 
 .rodata        0x00022a28       0x37 ./src/stage2/drivers/keyboard.o

.rel.dyn        0x00022a60        0x0
 .rel.got       0x00022a60        0x0 ./src/stage2/loader.o
 .rel.iplt      0x00022a60        0x0 ./src/stage2/loader.o

.data           0x00022a60      0x8d0
 *(.data)
 .data          0x00022a60       0x80 ./src/stage2/kernel.o
                0x00022a60                x
                0x00022aa0                heart
 .data          0x00022ae0       0x11 ./src/stage2/include/libc/stdio.o
 .data          0x00022af1        0x0 ./src/stage2/include/libc/string.o
 *fill*         0x00022af1        0xf 
 .data          0x00022b00      0x820 ./src/stage2/include/graphics.o
                0x00022b00                default_color
                0x00022b20                g_8x8_font
 .data          0x00023320        0x0 ./src/stage2/include/idt.o
 .data          0x00023320        0x0 ./src/stage2/include/io.o
 .data          0x00023320        0x0 ./src/stage2/include/pic.o
 .data          0x00023320        0x0 ./src/stage2/include/pit.o
 .data          0x00023320        0x0 ./src/stage2/include/rtc.o
 .data          0x00023320        0x0 ./src/stage2/drivers/ata.o
 .data          0x00023320       0x10 ./src/stage2/drivers/keyboard.o
                0x00023320                __qwertyuiop
                0x00023324                __asdfghjkl
                0x00023328                __zxcvbnm
                0x0002332c                __num
 .data          0x00023330        0x0 ./src/stage2/drivers/serial.o

.got            0x00023330        0x0
 .got           0x00023330        0x0 ./src/stage2/loader.o

.got.plt        0x00023330        0x0
 .got.plt       0x00023330        0x0 ./src/stage2/loader.o

.igot.plt       0x00023330        0x0
 .igot.plt      0x00023330        0x0 ./src/stage2/loader.o

.bss            0x00023340    0x107a2
 *(.bss)
 .bss           0x00023340        0x2 ./src/stage2/kernel.o
                0x00023340                pit_freq
 *fill*         0x00023342       0x1e 
 .bss           0x00023360      0x420 ./src/stage2/include/libc/stdio.o
                0x00023360                terminal_row
                0x00023368                terminal_column
                0x00023370                terminal_color
                0x00023374                terminal_buffer
 .bss           0x00023780        0x0 ./src/stage2/include/libc/string.o
 .bss           0x00023780     0xfa20 ./src/stage2/include/graphics.o
                0x00023780                curx
                0x00023784                cury
                0x000237a0                backbuff
 .bss           0x000331a0      0x806 ./src/stage2/include/idt.o
                0x000331a0                idt
                0x000339a0                idtr
 .bss           0x000339a6        0x0 ./src/stage2/include/io.o
 .bss           0x000339a6        0x0 ./src/stage2/include/pic.o
 *fill*         0x000339a6        0x2 
 .bss           0x000339a8        0x8 ./src/stage2/include/pit.o
                0x000339a8                sleep_counter
                0x000339ac                ticks
 .bss           0x000339b0        0xc ./src/stage2/include/rtc.o
                0x000339b0                global_time
 .bss           0x000339bc        0x0 ./src/stage2/drivers/ata.o
 *fill*         0x000339bc        0x4 
 .bss           0x000339c0      0x121 ./src/stage2/drivers/keyboard.o
                0x000339c0                wait_key
                0x000339c4                a
                0x000339c8                last_pressed_key
                0x000339e0                keycache
                0x00033ae0                kci
 .bss           0x00033ae1        0x1 ./src/stage2/drivers/serial.o
                0x00033ae1                is_serial_on
LOAD ./src/stage2/loader.o
LOAD ./src/stage2/kernel.o
LOAD ./src/stage2/include/libc/stdio.o
LOAD ./src/stage2/include/libc/string.o
LOAD ./src/stage2/include/graphics.o
LOAD ./src/stage2/include/idt.o
LOAD ./src/stage2/include/io.o
LOAD ./src/stage2/include/pic.o
LOAD ./src/stage2/include/pit.o
LOAD ./src/stage2/include/rtc.o
LOAD ./src/stage2/drivers/ata.o
LOAD ./src/stage2/drivers/keyboard.o
LOAD ./src/stage2/drivers/serial.o
OUTPUT(./src/stage2/kernel.elf elf32-i386)

.debug_info     0x00000000     0x2837
 .debug_info    0x00000000      0x4ac ./src/stage2/kernel.o
 .debug_info    0x000004ac      0x788 ./src/stage2/include/libc/stdio.o
 .debug_info    0x00000c34      0x235 ./src/stage2/include/libc/string.o
 .debug_info    0x00000e69      0x46c ./src/stage2/include/graphics.o
 .debug_info    0x000012d5      0x2b4 ./src/stage2/include/idt.o
 .debug_info    0x00001589      0x13e ./src/stage2/include/io.o
 .debug_info    0x000016c7      0x17c ./src/stage2/include/pic.o
 .debug_info    0x00001843      0x290 ./src/stage2/include/pit.o
 .debug_info    0x00001ad3      0x324 ./src/stage2/include/rtc.o
 .debug_info    0x00001df7      0x204 ./src/stage2/drivers/ata.o
 .debug_info    0x00001ffb      0x718 ./src/stage2/drivers/keyboard.o
 .debug_info    0x00002713      0x124 ./src/stage2/drivers/serial.o

.debug_abbrev   0x00000000     0x104c
 .debug_abbrev  0x00000000      0x255 ./src/stage2/kernel.o
 .debug_abbrev  0x00000255      0x1e2 ./src/stage2/include/libc/stdio.o
 .debug_abbrev  0x00000437       0xe6 ./src/stage2/include/libc/string.o
 .debug_abbrev  0x0000051d      0x18c ./src/stage2/include/graphics.o
 .debug_abbrev  0x000006a9      0x172 ./src/stage2/include/idt.o
 .debug_abbrev  0x0000081b       0xbd ./src/stage2/include/io.o
 .debug_abbrev  0x000008d8       0xff ./src/stage2/include/pic.o
 .debug_abbrev  0x000009d7      0x13b ./src/stage2/include/pit.o
 .debug_abbrev  0x00000b12      0x176 ./src/stage2/include/rtc.o
 .debug_abbrev  0x00000c88      0x10b ./src/stage2/drivers/ata.o
 .debug_abbrev  0x00000d93      0x1cc ./src/stage2/drivers/keyboard.o
 .debug_abbrev  0x00000f5f       0xed ./src/stage2/drivers/serial.o

.debug_aranges  0x00000000      0x180
 .debug_aranges
                0x00000000       0x20 ./src/stage2/kernel.o
 .debug_aranges
                0x00000020       0x20 ./src/stage2/include/libc/stdio.o
 .debug_aranges
                0x00000040       0x20 ./src/stage2/include/libc/string.o
 .debug_aranges
                0x00000060       0x20 ./src/stage2/include/graphics.o
 .debug_aranges
                0x00000080       0x20 ./src/stage2/include/idt.o
 .debug_aranges
                0x000000a0       0x20 ./src/stage2/include/io.o
 .debug_aranges
                0x000000c0       0x20 ./src/stage2/include/pic.o
 .debug_aranges
                0x000000e0       0x20 ./src/stage2/include/pit.o
 .debug_aranges
                0x00000100       0x20 ./src/stage2/include/rtc.o
 .debug_aranges
                0x00000120       0x20 ./src/stage2/drivers/ata.o
 .debug_aranges
                0x00000140       0x20 ./src/stage2/drivers/keyboard.o
 .debug_aranges
                0x00000160       0x20 ./src/stage2/drivers/serial.o

.debug_line     0x00000000     0x148d
 .debug_line    0x00000000      0x165 ./src/stage2/kernel.o
 .debug_line    0x00000165      0x419 ./src/stage2/include/libc/stdio.o
 .debug_line    0x0000057e      0x16d ./src/stage2/include/libc/string.o
 .debug_line    0x000006eb      0x246 ./src/stage2/include/graphics.o
 .debug_line    0x00000931      0x10d ./src/stage2/include/idt.o
 .debug_line    0x00000a3e       0x84 ./src/stage2/include/io.o
 .debug_line    0x00000ac2       0xdf ./src/stage2/include/pic.o
 .debug_line    0x00000ba1      0x11c ./src/stage2/include/pit.o
 .debug_line    0x00000cbd      0x28f ./src/stage2/include/rtc.o
 .debug_line    0x00000f4c      0x1bb ./src/stage2/drivers/ata.o
 .debug_line    0x00001107      0x2b4 ./src/stage2/drivers/keyboard.o
 .debug_line    0x000013bb       0xd2 ./src/stage2/drivers/serial.o

.debug_str      0x00000000      0xef1
 .debug_str     0x00000000      0xef1 ./src/stage2/kernel.o
                                0x297 (size before relaxing)
 .debug_str     0x00000ef1      0x328 ./src/stage2/include/libc/stdio.o
 .debug_str     0x00000ef1       0xfb ./src/stage2/include/libc/string.o
 .debug_str     0x00000ef1      0x1a2 ./src/stage2/include/graphics.o
 .debug_str     0x00000ef1      0x1e9 ./src/stage2/include/idt.o
 .debug_str     0x00000ef1       0xd8 ./src/stage2/include/io.o
 .debug_str     0x00000ef1      0x12f ./src/stage2/include/pic.o
 .debug_str     0x00000ef1      0x1b8 ./src/stage2/include/pit.o
 .debug_str     0x00000ef1      0x1ee ./src/stage2/include/rtc.o
 .debug_str     0x00000ef1      0x13d ./src/stage2/drivers/ata.o
 .debug_str     0x00000ef1      0xad3 ./src/stage2/drivers/keyboard.o
 .debug_str     0x00000ef1      0x116 ./src/stage2/drivers/serial.o

.debug_line_str
                0x00000000      0x4ed
 .debug_line_str
                0x00000000      0x4ed ./src/stage2/kernel.o
                                0x244 (size before relaxing)
 .debug_line_str
                0x000004ed      0x1b1 ./src/stage2/include/libc/stdio.o
 .debug_line_str
                0x000004ed       0xb4 ./src/stage2/include/libc/string.o
 .debug_line_str
                0x000004ed       0xd9 ./src/stage2/include/graphics.o
 .debug_line_str
                0x000004ed       0xa5 ./src/stage2/include/idt.o
 .debug_line_str
                0x000004ed       0x9c ./src/stage2/include/io.o
 .debug_line_str
                0x000004ed       0xbb ./src/stage2/include/pic.o
 .debug_line_str
                0x000004ed      0x106 ./src/stage2/include/pit.o
 .debug_line_str
                0x000004ed      0x107 ./src/stage2/include/rtc.o
 .debug_line_str
                0x000004ed       0xd5 ./src/stage2/drivers/ata.o
 .debug_line_str
                0x000004ed      0x16b ./src/stage2/drivers/keyboard.o
 .debug_line_str
                0x000004ed       0xd6 ./src/stage2/drivers/serial.o

.comment        0x00000000       0x12
 .comment       0x00000000       0x12 ./src/stage2/kernel.o
                                 0x13 (size before relaxing)
 .comment       0x00000012       0x13 ./src/stage2/include/libc/stdio.o
 .comment       0x00000012       0x13 ./src/stage2/include/libc/string.o
 .comment       0x00000012       0x13 ./src/stage2/include/graphics.o
 .comment       0x00000012       0x13 ./src/stage2/include/idt.o
 .comment       0x00000012       0x13 ./src/stage2/include/io.o
 .comment       0x00000012       0x13 ./src/stage2/include/pic.o
 .comment       0x00000012       0x13 ./src/stage2/include/pit.o
 .comment       0x00000012       0x13 ./src/stage2/include/rtc.o
 .comment       0x00000012       0x13 ./src/stage2/drivers/ata.o
 .comment       0x00000012       0x13 ./src/stage2/drivers/keyboard.o
 .comment       0x00000012       0x13 ./src/stage2/drivers/serial.o

.debug_frame    0x00000000      0xb8c
 .debug_frame   0x00000000      0x150 ./src/stage2/kernel.o
 .debug_frame   0x00000150      0x29c ./src/stage2/include/libc/stdio.o
 .debug_frame   0x000003ec       0xe0 ./src/stage2/include/libc/string.o
 .debug_frame   0x000004cc      0x160 ./src/stage2/include/graphics.o
 .debug_frame   0x0000062c       0xc4 ./src/stage2/include/idt.o
 .debug_frame   0x000006f0       0xb4 ./src/stage2/include/io.o
 .debug_frame   0x000007a4       0xbc ./src/stage2/include/pic.o
 .debug_frame   0x00000860       0xe0 ./src/stage2/include/pit.o
 .debug_frame   0x00000940       0xe0 ./src/stage2/include/rtc.o
 .debug_frame   0x00000a20       0x58 ./src/stage2/drivers/ata.o
 .debug_frame   0x00000a78       0x80 ./src/stage2/drivers/keyboard.o
 .debug_frame   0x00000af8       0x94 ./src/stage2/drivers/serial.o
