
There are no discarded input sections

Memory Configuration

Name             Origin             Length             Attributes
*default*        0x00000000         0xffffffff

Linker script and memory map

                0x00020000                        . = 0x20000

.text           0x00020000     0x27f7
 *(.text)
 .text          0x00020000        0x9 ./src/stage2/loader.o
 .text          0x00020009      0x95d ./src/stage2/kernel.o
                0x00020009                div_by_zero
                0x00020045                overflow
                0x0002006d                invalid_opcode
                0x00020117                reboot
                0x00020155                _kstart
 .text          0x00020966      0x99a ./src/stage2/include/libc/stdio.o
                0x00020966                terminal_initialize
                0x00020a67                terminal_clear
                0x00020b4f                terminal_setcolor
                0x00020b67                terminal_putentryat
                0x00020c0c                terminal_putchar
                0x00020dcf                terminal_write
                0x00020e34                terminal_writestring_color
                0x00020e67                terminal_writestring
                0x00020ebf                print_padded_string
                0x00020f03                printf
                0x000210dd                convert
                0x0002112a                printe
                0x00021150                printd
                0x000211bd                disable_cursor
                0x000211ea                enable_cursor
                0x00021281                update_cursor
 .text          0x00021300      0x139 ./src/stage2/include/libc/string.o
                0x00021300                strlen
                0x00021335                strcmp
                0x00021374                strcpy
                0x000213a6                strcat
                0x000213e1                memset
 .text          0x00021439       0x2f ./src/stage2/include/graphics.o
                0x00021439                putpixel
 .text          0x00021468      0x161 ./src/stage2/include/idt.o
                0x00021468                default_exception_handler
                0x0002147d                default_exception_handler_err_code
                0x0002149b                default_interrupt_handler
                0x000214b0                set_idt_descriptor
                0x00021508                init_idt
 .text          0x000215c9       0x93 ./src/stage2/include/io.o
                0x000215c9                outb
                0x000215ea                inb
                0x00021607                outw
                0x00021628                inw
                0x00021647                io_wait
 .text          0x0002165c      0x233 ./src/stage2/include/pic.o
                0x0002165c                PIC_sendEOI
                0x00021692                pic_disable
                0x000216c2                IRQ_set_mask
                0x00021728                IRQ_clear_mask
                0x00021790                remap_PIC
 .text          0x0002188f      0x1d3 ./src/stage2/include/pit.o
                0x0002188f                timer_irq_handler
                0x000218dc                msleep
                0x0002192b                set_pit_mode_frequency
                0x000219bc                StartSound
                0x00021a0c                StopSound
                0x00021a38                beep
 .text          0x00021a62      0x49b ./src/stage2/include/rtc.o
                0x00021ad0                rtc_handler
                0x00021e3d                enable_rtc
                0x00021e8d                print_time
 .text          0x00021efd      0x2aa ./src/stage2/drivers/ata.o
                0x00021efd                ata_write_sector
                0x00022048                ata_read_sector
 .text          0x000221a7      0x650 ./src/stage2/drivers/keyboard.o
                0x000221a7                put_kb
                0x000226fa                kbd_handler
                0x00022790                get_input

.iplt           0x000227f7        0x0
 .iplt          0x000227f7        0x0 ./src/stage2/loader.o

.rodata         0x000227f8      0x2cf
 *(.rodata)
 .rodata        0x000227f8      0x1aa ./src/stage2/kernel.o
 *fill*         0x000229a2        0x6 
 .rodata        0x000229a8       0x94 ./src/stage2/include/libc/stdio.o
 *fill*         0x00022a3c        0x4 
 .rodata        0x00022a40       0x10 ./src/stage2/include/pit.o
 .rodata        0x00022a50       0x23 ./src/stage2/include/rtc.o
 *fill*         0x00022a73        0x5 
 .rodata        0x00022a78       0x14 ./src/stage2/drivers/ata.o
 *fill*         0x00022a8c        0x4 
 .rodata        0x00022a90       0x37 ./src/stage2/drivers/keyboard.o

.rel.dyn        0x00022ac8        0x0
 .rel.got       0x00022ac8        0x0 ./src/stage2/loader.o
 .rel.iplt      0x00022ac8        0x0 ./src/stage2/loader.o

.data           0x00022ac8       0x24
 *(.data)
 .data          0x00022ac8        0x0 ./src/stage2/kernel.o
 .data          0x00022ac8       0x11 ./src/stage2/include/libc/stdio.o
 .data          0x00022ad9        0x0 ./src/stage2/include/libc/string.o
 .data          0x00022ad9        0x0 ./src/stage2/include/graphics.o
 .data          0x00022ad9        0x0 ./src/stage2/include/idt.o
 .data          0x00022ad9        0x0 ./src/stage2/include/io.o
 .data          0x00022ad9        0x0 ./src/stage2/include/pic.o
 .data          0x00022ad9        0x0 ./src/stage2/include/pit.o
 .data          0x00022ad9        0x0 ./src/stage2/include/rtc.o
 .data          0x00022ad9        0x0 ./src/stage2/drivers/ata.o
 *fill*         0x00022ad9        0x3 
 .data          0x00022adc       0x10 ./src/stage2/drivers/keyboard.o
                0x00022adc                __qwertyuiop
                0x00022ae0                __asdfghjkl
                0x00022ae4                __zxcvbnm
                0x00022ae8                __num

.got            0x00022aec        0x0
 .got           0x00022aec        0x0 ./src/stage2/loader.o

.got.plt        0x00022aec        0x0
 .got.plt       0x00022aec        0x0 ./src/stage2/loader.o

.igot.plt       0x00022aec        0x0
 .igot.plt      0x00022aec        0x0 ./src/stage2/loader.o

.bss            0x00022b00      0x9c1
 *(.bss)
 .bss           0x00022b00        0x2 ./src/stage2/kernel.o
                0x00022b00                pit_freq
 *fill*         0x00022b02       0x1e 
 .bss           0x00022b20       0x52 ./src/stage2/include/libc/stdio.o
                0x00022b20                terminal_row
                0x00022b28                terminal_column
                0x00022b30                terminal_color
                0x00022b34                terminal_buffer
 .bss           0x00022b72        0x0 ./src/stage2/include/libc/string.o
 .bss           0x00022b72        0x0 ./src/stage2/include/graphics.o
 *fill*         0x00022b72        0xe 
 .bss           0x00022b80      0x806 ./src/stage2/include/idt.o
                0x00022b80                idt
                0x00023380                idtr
 .bss           0x00023386        0x0 ./src/stage2/include/io.o
 .bss           0x00023386        0x0 ./src/stage2/include/pic.o
 *fill*         0x00023386        0x2 
 .bss           0x00023388        0x8 ./src/stage2/include/pit.o
                0x00023388                sleep_counter
                0x0002338c                ticks
 .bss           0x00023390        0xc ./src/stage2/include/rtc.o
                0x00023390                global_time
 .bss           0x0002339c        0x0 ./src/stage2/drivers/ata.o
 *fill*         0x0002339c        0x4 
 .bss           0x000233a0      0x121 ./src/stage2/drivers/keyboard.o
                0x000233a0                last_pressed_key
                0x000233c0                keycache
                0x000234c0                kci
LOAD ./src/stage2/loader.o
LOAD ./src/stage2/kernel.o
LOAD ./src/stage2/include/libc/stdio.o
LOAD ./src/stage2/include/libc/string.o
LOAD ./src/stage2/include/graphics.o
LOAD ./src/stage2/include/idt.o
LOAD ./src/stage2/include/io.o
LOAD ./src/stage2/include/pic.o
LOAD ./src/stage2/include/pit.o
LOAD ./src/stage2/include/rtc.o
LOAD ./src/stage2/drivers/ata.o
LOAD ./src/stage2/drivers/keyboard.o
OUTPUT(./src/stage2/kernel.elf elf32-i386)

.debug_info     0x00000000     0x2101
 .debug_info    0x00000000      0x4ea ./src/stage2/kernel.o
 .debug_info    0x000004ea      0x5e6 ./src/stage2/include/libc/stdio.o
 .debug_info    0x00000ad0      0x1cc ./src/stage2/include/libc/string.o
 .debug_info    0x00000c9c       0xa8 ./src/stage2/include/graphics.o
 .debug_info    0x00000d44      0x2ad ./src/stage2/include/idt.o
 .debug_info    0x00000ff1      0x137 ./src/stage2/include/io.o
 .debug_info    0x00001128      0x175 ./src/stage2/include/pic.o
 .debug_info    0x0000129d      0x290 ./src/stage2/include/pit.o
 .debug_info    0x0000152d      0x305 ./src/stage2/include/rtc.o
 .debug_info    0x00001832      0x204 ./src/stage2/drivers/ata.o
 .debug_info    0x00001a36      0x6cb ./src/stage2/drivers/keyboard.o

.debug_abbrev   0x00000000      0xe2b
 .debug_abbrev  0x00000000      0x258 ./src/stage2/kernel.o
 .debug_abbrev  0x00000258      0x1b2 ./src/stage2/include/libc/stdio.o
 .debug_abbrev  0x0000040a       0xe5 ./src/stage2/include/libc/string.o
 .debug_abbrev  0x000004ef       0x89 ./src/stage2/include/graphics.o
 .debug_abbrev  0x00000578      0x172 ./src/stage2/include/idt.o
 .debug_abbrev  0x000006ea       0xbd ./src/stage2/include/io.o
 .debug_abbrev  0x000007a7       0xff ./src/stage2/include/pic.o
 .debug_abbrev  0x000008a6      0x13b ./src/stage2/include/pit.o
 .debug_abbrev  0x000009e1      0x175 ./src/stage2/include/rtc.o
 .debug_abbrev  0x00000b56      0x10b ./src/stage2/drivers/ata.o
 .debug_abbrev  0x00000c61      0x1ca ./src/stage2/drivers/keyboard.o

.debug_aranges  0x00000000      0x160
 .debug_aranges
                0x00000000       0x20 ./src/stage2/kernel.o
 .debug_aranges
                0x00000020       0x20 ./src/stage2/include/libc/stdio.o
 .debug_aranges
                0x00000040       0x20 ./src/stage2/include/libc/string.o
 .debug_aranges
                0x00000060       0x20 ./src/stage2/include/graphics.o
 .debug_aranges
                0x00000080       0x20 ./src/stage2/include/idt.o
 .debug_aranges
                0x000000a0       0x20 ./src/stage2/include/io.o
 .debug_aranges
                0x000000c0       0x20 ./src/stage2/include/pic.o
 .debug_aranges
                0x000000e0       0x20 ./src/stage2/include/pit.o
 .debug_aranges
                0x00000100       0x20 ./src/stage2/include/rtc.o
 .debug_aranges
                0x00000120       0x20 ./src/stage2/drivers/ata.o
 .debug_aranges
                0x00000140       0x20 ./src/stage2/drivers/keyboard.o

.debug_line     0x00000000     0x12ea
 .debug_line    0x00000000      0x3f8 ./src/stage2/kernel.o
 .debug_line    0x000003f8      0x356 ./src/stage2/include/libc/stdio.o
 .debug_line    0x0000074e      0x109 ./src/stage2/include/libc/string.o
 .debug_line    0x00000857       0x61 ./src/stage2/include/graphics.o
 .debug_line    0x000008b8      0x10d ./src/stage2/include/idt.o
 .debug_line    0x000009c5       0x84 ./src/stage2/include/io.o
 .debug_line    0x00000a49       0xdf ./src/stage2/include/pic.o
 .debug_line    0x00000b28      0x11c ./src/stage2/include/pit.o
 .debug_line    0x00000c44      0x241 ./src/stage2/include/rtc.o
 .debug_line    0x00000e85      0x1bb ./src/stage2/drivers/ata.o
 .debug_line    0x00001040      0x2aa ./src/stage2/drivers/keyboard.o

.debug_str      0x00000000      0xf0d
 .debug_str     0x00000000      0xf0d ./src/stage2/kernel.o
                                0x3de (size before relaxing)
 .debug_str     0x00000f0d      0x2e5 ./src/stage2/include/libc/stdio.o
 .debug_str     0x00000f0d       0xf4 ./src/stage2/include/libc/string.o
 .debug_str     0x00000f0d       0xce ./src/stage2/include/graphics.o
 .debug_str     0x00000f0d      0x1e4 ./src/stage2/include/idt.o
 .debug_str     0x00000f0d       0xd3 ./src/stage2/include/io.o
 .debug_str     0x00000f0d      0x12a ./src/stage2/include/pic.o
 .debug_str     0x00000f0d      0x1b8 ./src/stage2/include/pit.o
 .debug_str     0x00000f0d      0x1e0 ./src/stage2/include/rtc.o
 .debug_str     0x00000f0d      0x13d ./src/stage2/drivers/ata.o
 .debug_str     0x00000f0d      0xaeb ./src/stage2/drivers/keyboard.o

.debug_line_str
                0x00000000      0x3cd
 .debug_line_str
                0x00000000      0x3cd ./src/stage2/kernel.o
                                0x1b6 (size before relaxing)
 .debug_line_str
                0x000003cd      0x136 ./src/stage2/include/libc/stdio.o
 .debug_line_str
                0x000003cd       0xbe ./src/stage2/include/libc/string.o
 .debug_line_str
                0x000003cd       0xb0 ./src/stage2/include/graphics.o
 .debug_line_str
                0x000003cd       0xa5 ./src/stage2/include/idt.o
 .debug_line_str
                0x000003cd       0x9c ./src/stage2/include/io.o
 .debug_line_str
                0x000003cd       0xbb ./src/stage2/include/pic.o
 .debug_line_str
                0x000003cd      0x106 ./src/stage2/include/pit.o
 .debug_line_str
                0x000003cd      0x111 ./src/stage2/include/rtc.o
 .debug_line_str
                0x000003cd       0xd5 ./src/stage2/drivers/ata.o
 .debug_line_str
                0x000003cd      0x12f ./src/stage2/drivers/keyboard.o

.comment        0x00000000       0x12
 .comment       0x00000000       0x12 ./src/stage2/kernel.o
                                 0x13 (size before relaxing)
 .comment       0x00000012       0x13 ./src/stage2/include/libc/stdio.o
 .comment       0x00000012       0x13 ./src/stage2/include/libc/string.o
 .comment       0x00000012       0x13 ./src/stage2/include/graphics.o
 .comment       0x00000012       0x13 ./src/stage2/include/idt.o
 .comment       0x00000012       0x13 ./src/stage2/include/io.o
 .comment       0x00000012       0x13 ./src/stage2/include/pic.o
 .comment       0x00000012       0x13 ./src/stage2/include/pit.o
 .comment       0x00000012       0x13 ./src/stage2/include/rtc.o
 .comment       0x00000012       0x13 ./src/stage2/drivers/ata.o
 .comment       0x00000012       0x13 ./src/stage2/drivers/keyboard.o

.debug_frame    0x00000000      0x90c
 .debug_frame   0x00000000      0x11c ./src/stage2/kernel.o
 .debug_frame   0x0000011c      0x234 ./src/stage2/include/libc/stdio.o
 .debug_frame   0x00000350       0xb4 ./src/stage2/include/libc/string.o
 .debug_frame   0x00000404       0x34 ./src/stage2/include/graphics.o
 .debug_frame   0x00000438       0xc4 ./src/stage2/include/idt.o
 .debug_frame   0x000004fc       0xb4 ./src/stage2/include/io.o
 .debug_frame   0x000005b0       0xbc ./src/stage2/include/pic.o
 .debug_frame   0x0000066c       0xe0 ./src/stage2/include/pit.o
 .debug_frame   0x0000074c       0xe0 ./src/stage2/include/rtc.o
 .debug_frame   0x0000082c       0x58 ./src/stage2/drivers/ata.o
 .debug_frame   0x00000884       0x88 ./src/stage2/drivers/keyboard.o
