
There are no discarded input sections

Memory Configuration

Name             Origin             Length             Attributes
*default*        0x00000000         0xffffffff

Linker script and memory map

                0x00020000                        . = 0x20000

.text           0x00020000     0x28ae
 *(.text)
 .text          0x00020000        0x9 ./src/stage2/loader.o
 .text          0x00020009      0x3cb ./src/stage2/kernel.o
                0x00020077                div_by_zero
                0x000200b3                overflow
                0x000200db                invalid_opcode
                0x00020117                reboot
                0x00020155                dbg
                0x000201a6                print_memory
                0x00020289                _kstart
 .text          0x000203d4      0xb40 ./src/stage2/include/libc/stdio.o
                0x000203d4                terminal_initialize
                0x000204d5                terminal_clear
                0x000205bd                terminal_setcolor
                0x000205d5                terminal_putentryat
                0x0002067a                terminal_putchar
                0x0002083d                terminal_write
                0x000208a2                terminal_writestring_color
                0x000208d5                terminal_writestring
                0x00020bf2                prints
                0x00020cac                printk
                0x00020cf7                putchar
                0x00020d3e                printe
                0x00020d64                printd
                0x00020dd1                disable_cursor
                0x00020dfe                enable_cursor
                0x00020e95                update_cursor
 .text          0x00020f14      0x19f ./src/stage2/include/libc/string.o
                0x00020f14                strlen
                0x00020f49                strcmp
                0x00020f88                strcpy
                0x00020fb8                strcat
                0x00020ff8                memset
                0x00021061                memcpy
 .text          0x000210b3      0x3ee ./src/stage2/include/graphics.o
                0x000210b3                putpixel
                0x000210fc                init_screen
                0x00021142                clear_screen
                0x0002116a                draw
                0x000211de                fill_rect
                0x0002122b                finish
                0x000212ca                write_char
                0x00021370                write_string
                0x00021417                v_putchar
 .text          0x000214a1      0x161 ./src/stage2/include/idt.o
                0x000214a1                default_exception_handler
                0x000214b6                default_exception_handler_err_code
                0x000214d4                default_interrupt_handler
                0x000214e9                set_idt_descriptor
                0x00021541                init_idt
 .text          0x00021602       0x93 ./src/stage2/include/io.o
                0x00021602                outb
                0x00021623                inb
                0x00021640                outw
                0x00021661                inw
                0x00021680                io_wait
 .text          0x00021695      0x233 ./src/stage2/include/pic.o
                0x00021695                PIC_sendEOI
                0x000216cb                pic_disable
                0x000216fb                IRQ_set_mask
                0x00021761                IRQ_clear_mask
                0x000217c9                remap_PIC
 .text          0x000218c8      0x1d3 ./src/stage2/include/pit.o
                0x000218c8                timer_irq_handler
                0x00021915                msleep
                0x00021964                set_pit_mode_frequency
                0x000219f5                StartSound
                0x00021a45                StopSound
                0x00021a71                beep
 .text          0x00021a9b      0x4f5 ./src/stage2/include/rtc.o
                0x00021b09                rtc_handler
                0x00021e76                enable_rtc
                0x00021ec6                print_time
 .text          0x00021f90      0x2aa ./src/stage2/drivers/ata.o
                0x00021f90                ata_write_sector
                0x000220db                ata_read_sector
 .text          0x0002223a      0x4fa ./src/stage2/drivers/keyboard.o
                0x0002223a                put_kb
                0x00022624                kbd_handler
                0x000226cd                get_input
 .text          0x00022734      0x17a ./src/stage2/drivers/serial.o
                0x00022734                init_serial
                0x0002283e                write_char_serial
                0x0002286f                write_string_serial

.iplt           0x000228ae        0x0
 .iplt          0x000228ae        0x0 ./src/stage2/loader.o

.rodata         0x000228b0      0x1df
 *(.rodata)
 .rodata        0x000228b0       0xb8 ./src/stage2/kernel.o
 .rodata        0x00022968       0x94 ./src/stage2/include/libc/stdio.o
 *fill*         0x000229fc        0x4 
 .rodata        0x00022a00       0x10 ./src/stage2/include/pit.o
 .rodata        0x00022a10       0x2d ./src/stage2/include/rtc.o
 *fill*         0x00022a3d        0x3 
 .rodata        0x00022a40       0x14 ./src/stage2/drivers/ata.o
 *fill*         0x00022a54        0x4 
 .rodata        0x00022a58       0x37 ./src/stage2/drivers/keyboard.o

.rel.dyn        0x00022a90        0x0
 .rel.got       0x00022a90        0x0 ./src/stage2/loader.o
 .rel.iplt      0x00022a90        0x0 ./src/stage2/loader.o

.data           0x00022aa0      0x8d0
 *(.data)
 .data          0x00022aa0       0x80 ./src/stage2/kernel.o
                0x00022aa0                x
                0x00022ae0                heart
 .data          0x00022b20       0x11 ./src/stage2/include/libc/stdio.o
 .data          0x00022b31        0x0 ./src/stage2/include/libc/string.o
 *fill*         0x00022b31        0xf 
 .data          0x00022b40      0x820 ./src/stage2/include/graphics.o
                0x00022b40                default_color
                0x00022b60                g_8x8_font
 .data          0x00023360        0x0 ./src/stage2/include/idt.o
 .data          0x00023360        0x0 ./src/stage2/include/io.o
 .data          0x00023360        0x0 ./src/stage2/include/pic.o
 .data          0x00023360        0x0 ./src/stage2/include/pit.o
 .data          0x00023360        0x0 ./src/stage2/include/rtc.o
 .data          0x00023360        0x0 ./src/stage2/drivers/ata.o
 .data          0x00023360       0x10 ./src/stage2/drivers/keyboard.o
                0x00023360                __qwertyuiop
                0x00023364                __asdfghjkl
                0x00023368                __zxcvbnm
                0x0002336c                __num
 .data          0x00023370        0x0 ./src/stage2/drivers/serial.o

.got            0x00023370        0x0
 .got           0x00023370        0x0 ./src/stage2/loader.o

.got.plt        0x00023370        0x0
 .got.plt       0x00023370        0x0 ./src/stage2/loader.o

.igot.plt       0x00023370        0x0
 .igot.plt      0x00023370        0x0 ./src/stage2/loader.o

.bss            0x00023380    0x107a2
 *(.bss)
 .bss           0x00023380        0x4 ./src/stage2/kernel.o
                0x00023380                graphics_mode
                0x00023382                pit_freq
 *fill*         0x00023384       0x1c 
 .bss           0x000233a0      0x420 ./src/stage2/include/libc/stdio.o
                0x000233a0                terminal_row
                0x000233a8                terminal_column
                0x000233b0                terminal_color
                0x000233b4                terminal_buffer
 .bss           0x000237c0        0x0 ./src/stage2/include/libc/string.o
 .bss           0x000237c0     0xfa20 ./src/stage2/include/graphics.o
                0x000237c0                curx
                0x000237c4                cury
                0x000237e0                backbuff
 .bss           0x000331e0      0x806 ./src/stage2/include/idt.o
                0x000331e0                idt
                0x000339e0                idtr
 .bss           0x000339e6        0x0 ./src/stage2/include/io.o
 .bss           0x000339e6        0x0 ./src/stage2/include/pic.o
 *fill*         0x000339e6        0x2 
 .bss           0x000339e8        0x8 ./src/stage2/include/pit.o
                0x000339e8                sleep_counter
                0x000339ec                ticks
 .bss           0x000339f0        0xc ./src/stage2/include/rtc.o
                0x000339f0                global_time
 .bss           0x000339fc        0x0 ./src/stage2/drivers/ata.o
 *fill*         0x000339fc        0x4 
 .bss           0x00033a00      0x121 ./src/stage2/drivers/keyboard.o
                0x00033a00                wait_key
                0x00033a04                a
                0x00033a08                last_pressed_key
                0x00033a20                keycache
                0x00033b20                kci
 .bss           0x00033b21        0x1 ./src/stage2/drivers/serial.o
                0x00033b21                is_serial_on
LOAD ./src/stage2/loader.o
LOAD ./src/stage2/kernel.o
LOAD ./src/stage2/include/libc/stdio.o
LOAD ./src/stage2/include/libc/string.o
LOAD ./src/stage2/include/graphics.o
LOAD ./src/stage2/include/idt.o
LOAD ./src/stage2/include/io.o
LOAD ./src/stage2/include/pic.o
LOAD ./src/stage2/include/pit.o
LOAD ./src/stage2/include/rtc.o
LOAD ./src/stage2/drivers/ata.o
LOAD ./src/stage2/drivers/keyboard.o
LOAD ./src/stage2/drivers/serial.o
OUTPUT(./src/stage2/kernel.elf elf32-i386)

.debug_info     0x00000000     0x280c
 .debug_info    0x00000000      0x47e ./src/stage2/kernel.o
 .debug_info    0x0000047e      0x786 ./src/stage2/include/libc/stdio.o
 .debug_info    0x00000c04      0x235 ./src/stage2/include/libc/string.o
 .debug_info    0x00000e39      0x46c ./src/stage2/include/graphics.o
 .debug_info    0x000012a5      0x2b4 ./src/stage2/include/idt.o
 .debug_info    0x00001559      0x13e ./src/stage2/include/io.o
 .debug_info    0x00001697      0x17c ./src/stage2/include/pic.o
 .debug_info    0x00001813      0x290 ./src/stage2/include/pit.o
 .debug_info    0x00001aa3      0x324 ./src/stage2/include/rtc.o
 .debug_info    0x00001dc7      0x204 ./src/stage2/drivers/ata.o
 .debug_info    0x00001fcb      0x71d ./src/stage2/drivers/keyboard.o
 .debug_info    0x000026e8      0x124 ./src/stage2/drivers/serial.o

.debug_abbrev   0x00000000     0x1037
 .debug_abbrev  0x00000000      0x248 ./src/stage2/kernel.o
 .debug_abbrev  0x00000248      0x1da ./src/stage2/include/libc/stdio.o
 .debug_abbrev  0x00000422       0xe6 ./src/stage2/include/libc/string.o
 .debug_abbrev  0x00000508      0x18c ./src/stage2/include/graphics.o
 .debug_abbrev  0x00000694      0x172 ./src/stage2/include/idt.o
 .debug_abbrev  0x00000806       0xbd ./src/stage2/include/io.o
 .debug_abbrev  0x000008c3       0xff ./src/stage2/include/pic.o
 .debug_abbrev  0x000009c2      0x13b ./src/stage2/include/pit.o
 .debug_abbrev  0x00000afd      0x176 ./src/stage2/include/rtc.o
 .debug_abbrev  0x00000c73      0x10b ./src/stage2/drivers/ata.o
 .debug_abbrev  0x00000d7e      0x1cc ./src/stage2/drivers/keyboard.o
 .debug_abbrev  0x00000f4a       0xed ./src/stage2/drivers/serial.o

.debug_aranges  0x00000000      0x180
 .debug_aranges
                0x00000000       0x20 ./src/stage2/kernel.o
 .debug_aranges
                0x00000020       0x20 ./src/stage2/include/libc/stdio.o
 .debug_aranges
                0x00000040       0x20 ./src/stage2/include/libc/string.o
 .debug_aranges
                0x00000060       0x20 ./src/stage2/include/graphics.o
 .debug_aranges
                0x00000080       0x20 ./src/stage2/include/idt.o
 .debug_aranges
                0x000000a0       0x20 ./src/stage2/include/io.o
 .debug_aranges
                0x000000c0       0x20 ./src/stage2/include/pic.o
 .debug_aranges
                0x000000e0       0x20 ./src/stage2/include/pit.o
 .debug_aranges
                0x00000100       0x20 ./src/stage2/include/rtc.o
 .debug_aranges
                0x00000120       0x20 ./src/stage2/drivers/ata.o
 .debug_aranges
                0x00000140       0x20 ./src/stage2/drivers/keyboard.o
 .debug_aranges
                0x00000160       0x20 ./src/stage2/drivers/serial.o

.debug_line     0x00000000     0x14af
 .debug_line    0x00000000      0x18b ./src/stage2/kernel.o
 .debug_line    0x0000018b      0x415 ./src/stage2/include/libc/stdio.o
 .debug_line    0x000005a0      0x16d ./src/stage2/include/libc/string.o
 .debug_line    0x0000070d      0x246 ./src/stage2/include/graphics.o
 .debug_line    0x00000953      0x10d ./src/stage2/include/idt.o
 .debug_line    0x00000a60       0x84 ./src/stage2/include/io.o
 .debug_line    0x00000ae4       0xdf ./src/stage2/include/pic.o
 .debug_line    0x00000bc3      0x11c ./src/stage2/include/pit.o
 .debug_line    0x00000cdf      0x28f ./src/stage2/include/rtc.o
 .debug_line    0x00000f6e      0x1bb ./src/stage2/drivers/ata.o
 .debug_line    0x00001129      0x2b4 ./src/stage2/drivers/keyboard.o
 .debug_line    0x000013dd       0xd2 ./src/stage2/drivers/serial.o

.debug_str      0x00000000      0xf41
 .debug_str     0x00000000      0xf41 ./src/stage2/kernel.o
                                0x2a9 (size before relaxing)
 .debug_str     0x00000f41      0x346 ./src/stage2/include/libc/stdio.o
 .debug_str     0x00000f41       0xfb ./src/stage2/include/libc/string.o
 .debug_str     0x00000f41      0x1a4 ./src/stage2/include/graphics.o
 .debug_str     0x00000f41      0x1e9 ./src/stage2/include/idt.o
 .debug_str     0x00000f41       0xd8 ./src/stage2/include/io.o
 .debug_str     0x00000f41      0x12f ./src/stage2/include/pic.o
 .debug_str     0x00000f41      0x1b8 ./src/stage2/include/pit.o
 .debug_str     0x00000f41      0x1ee ./src/stage2/include/rtc.o
 .debug_str     0x00000f41      0x13d ./src/stage2/drivers/ata.o
 .debug_str     0x00000f41      0xad3 ./src/stage2/drivers/keyboard.o
 .debug_str     0x00000f41      0x116 ./src/stage2/drivers/serial.o

.debug_line_str
                0x00000000      0x4ac
 .debug_line_str
                0x00000000      0x4ac ./src/stage2/kernel.o
                                0x1fa (size before relaxing)
 .debug_line_str
                0x000004ac      0x1b1 ./src/stage2/include/libc/stdio.o
 .debug_line_str
                0x000004ac       0xb4 ./src/stage2/include/libc/string.o
 .debug_line_str
                0x000004ac       0xd9 ./src/stage2/include/graphics.o
 .debug_line_str
                0x000004ac       0xa5 ./src/stage2/include/idt.o
 .debug_line_str
                0x000004ac       0x9c ./src/stage2/include/io.o
 .debug_line_str
                0x000004ac       0xbb ./src/stage2/include/pic.o
 .debug_line_str
                0x000004ac      0x106 ./src/stage2/include/pit.o
 .debug_line_str
                0x000004ac      0x107 ./src/stage2/include/rtc.o
 .debug_line_str
                0x000004ac       0xd5 ./src/stage2/drivers/ata.o
 .debug_line_str
                0x000004ac      0x16b ./src/stage2/drivers/keyboard.o
 .debug_line_str
                0x000004ac       0xd6 ./src/stage2/drivers/serial.o

.comment        0x00000000       0x12
 .comment       0x00000000       0x12 ./src/stage2/kernel.o
                                 0x13 (size before relaxing)
 .comment       0x00000012       0x13 ./src/stage2/include/libc/stdio.o
 .comment       0x00000012       0x13 ./src/stage2/include/libc/string.o
 .comment       0x00000012       0x13 ./src/stage2/include/graphics.o
 .comment       0x00000012       0x13 ./src/stage2/include/idt.o
 .comment       0x00000012       0x13 ./src/stage2/include/io.o
 .comment       0x00000012       0x13 ./src/stage2/include/pic.o
 .comment       0x00000012       0x13 ./src/stage2/include/pit.o
 .comment       0x00000012       0x13 ./src/stage2/include/rtc.o
 .comment       0x00000012       0x13 ./src/stage2/drivers/ata.o
 .comment       0x00000012       0x13 ./src/stage2/drivers/keyboard.o
 .comment       0x00000012       0x13 ./src/stage2/drivers/serial.o

.debug_frame    0x00000000      0xbc4
 .debug_frame   0x00000000      0x170 ./src/stage2/kernel.o
 .debug_frame   0x00000170      0x2b4 ./src/stage2/include/libc/stdio.o
 .debug_frame   0x00000424       0xe0 ./src/stage2/include/libc/string.o
 .debug_frame   0x00000504      0x160 ./src/stage2/include/graphics.o
 .debug_frame   0x00000664       0xc4 ./src/stage2/include/idt.o
 .debug_frame   0x00000728       0xb4 ./src/stage2/include/io.o
 .debug_frame   0x000007dc       0xbc ./src/stage2/include/pic.o
 .debug_frame   0x00000898       0xe0 ./src/stage2/include/pit.o
 .debug_frame   0x00000978       0xe0 ./src/stage2/include/rtc.o
 .debug_frame   0x00000a58       0x58 ./src/stage2/drivers/ata.o
 .debug_frame   0x00000ab0       0x80 ./src/stage2/drivers/keyboard.o
 .debug_frame   0x00000b30       0x94 ./src/stage2/drivers/serial.o
