
There are no discarded input sections

Memory Configuration

Name             Origin             Length             Attributes
*default*        0x00000000         0xffffffff

Linker script and memory map

                0x00020000                        . = 0x20000

.text           0x00020000     0x2eb0
 *(.text)
 .text          0x00020000        0x9 ./src/stage2/loader.o
 .text          0x00020009      0x5e6 ./src/stage2/kernel.o
                0x00020077                div_by_zero
                0x000200b3                overflow
                0x000200db                invalid_opcode
                0x00020117                reboot
                0x00020155                dbg
                0x000201a6                print_memory
                0x0002031c                _kstart
 .text          0x000205ef      0xb46 ./src/stage2/include/libc/stdio.o
                0x000205ef                terminal_initialize
                0x000206f0                terminal_clear
                0x000207d8                terminal_setcolor
                0x000207f0                terminal_putentryat
                0x00020895                terminal_putchar
                0x00020a58                terminal_write
                0x00020abd                terminal_writestring_color
                0x00020af0                terminal_writestring
                0x00020e13                prints
                0x00020ecd                printk
                0x00020f18                putchar
                0x00020f5f                printe
                0x00020f85                printd
                0x00020ff2                disable_cursor
                0x0002101f                enable_cursor
                0x000210b6                update_cursor
 .text          0x00021135      0x19f ./src/stage2/include/libc/string.o
                0x00021135                strlen
                0x0002116a                strcmp
                0x000211a9                strcpy
                0x000211d9                strcat
                0x00021219                memset
                0x00021282                memcpy
 .text          0x000212d4      0x453 ./src/stage2/include/graphics.o
                0x000212d4                putpixel
                0x0002131d                init_screen
                0x00021363                clear_screen
                0x000213a4                ss
                0x000213c6                draw
                0x0002143a                fill_rect
                0x00021487                finish
                0x00021526                write_char
                0x000215cc                write_string
                0x0002169d                v_putchar
 .text          0x00021727      0x161 ./src/stage2/include/idt.o
                0x00021727                default_exception_handler
                0x0002173c                default_exception_handler_err_code
                0x0002175a                default_interrupt_handler
                0x0002176f                set_idt_descriptor
                0x000217c7                init_idt
 .text          0x00021888       0x93 ./src/stage2/include/io.o
                0x00021888                outb
                0x000218a9                inb
                0x000218c6                outw
                0x000218e7                inw
                0x00021906                io_wait
 .text          0x0002191b      0x233 ./src/stage2/include/pic.o
                0x0002191b                PIC_sendEOI
                0x00021951                pic_disable
                0x00021981                IRQ_set_mask
                0x000219e7                IRQ_clear_mask
                0x00021a4f                remap_PIC
 .text          0x00021b4e      0x1d3 ./src/stage2/include/pit.o
                0x00021b4e                timer_irq_handler
                0x00021b9b                msleep
                0x00021bea                set_pit_mode_frequency
                0x00021c7b                StartSound
                0x00021ccb                StopSound
                0x00021cf7                beep
 .text          0x00021d21      0x4f5 ./src/stage2/include/rtc.o
                0x00021d8f                rtc_handler
                0x000220fc                enable_rtc
                0x0002214c                print_time
 .text          0x00022216      0x2aa ./src/stage2/drivers/ata.o
                0x00022216                ata_write_sector
                0x00022361                ata_read_sector
 .text          0x000224c0      0x51d ./src/stage2/drivers/keyboard.o
                0x000224c0                put_kb
                0x000228cd                kbd_handler
                0x00022976                get_input
 .text          0x000229dd      0x17a ./src/stage2/drivers/serial.o
                0x000229dd                init_serial
                0x00022ae7                write_char_serial
                0x00022b18                write_string_serial
 .text          0x00022b57      0x359 ./src/stage2/include/memory/pmm.o
                0x00022d0b                initialize_physical_memory_manager
                0x00022d54                initialize_memory_region
                0x00022da4                deinitialize_memory_region
                0x00022deb                alloc_blocks
                0x00022e69                free_blocks

.iplt           0x00022eb0        0x0
 .iplt          0x00022eb0        0x0 ./src/stage2/loader.o

.rodata         0x00022eb0      0x227
 *(.rodata)
 .rodata        0x00022eb0       0xfb ./src/stage2/kernel.o
                0x00022ee0                MEMMAP_AREA
 *fill*         0x00022fab        0x5 
 .rodata        0x00022fb0       0x94 ./src/stage2/include/libc/stdio.o
 *fill*         0x00023044        0x4 
 .rodata        0x00023048       0x10 ./src/stage2/include/pit.o
 .rodata        0x00023058       0x2d ./src/stage2/include/rtc.o
 *fill*         0x00023085        0x3 
 .rodata        0x00023088       0x14 ./src/stage2/drivers/ata.o
 *fill*         0x0002309c        0x4 
 .rodata        0x000230a0       0x37 ./src/stage2/drivers/keyboard.o

.rel.dyn        0x000230d8        0x0
 .rel.got       0x000230d8        0x0 ./src/stage2/loader.o
 .rel.iplt      0x000230d8        0x0 ./src/stage2/loader.o

.data           0x000230e0      0x8d0
 *(.data)
 .data          0x000230e0       0x80 ./src/stage2/kernel.o
                0x000230e0                x
                0x00023120                heart
 .data          0x00023160       0x11 ./src/stage2/include/libc/stdio.o
 .data          0x00023171        0x0 ./src/stage2/include/libc/string.o
 *fill*         0x00023171        0xf 
 .data          0x00023180      0x820 ./src/stage2/include/graphics.o
                0x00023180                default_color
                0x000231a0                g_8x8_font
 .data          0x000239a0        0x0 ./src/stage2/include/idt.o
 .data          0x000239a0        0x0 ./src/stage2/include/io.o
 .data          0x000239a0        0x0 ./src/stage2/include/pic.o
 .data          0x000239a0        0x0 ./src/stage2/include/pit.o
 .data          0x000239a0        0x0 ./src/stage2/include/rtc.o
 .data          0x000239a0        0x0 ./src/stage2/drivers/ata.o
 .data          0x000239a0       0x10 ./src/stage2/drivers/keyboard.o
                0x000239a0                __qwertyuiop
                0x000239a4                __asdfghjkl
                0x000239a8                __zxcvbnm
                0x000239ac                __num
 .data          0x000239b0        0x0 ./src/stage2/drivers/serial.o
 .data          0x000239b0        0x0 ./src/stage2/include/memory/pmm.o

.got            0x000239b0        0x0
 .got           0x000239b0        0x0 ./src/stage2/loader.o

.got.plt        0x000239b0        0x0
 .got.plt       0x000239b0        0x0 ./src/stage2/loader.o

.igot.plt       0x000239b0        0x0
 .igot.plt      0x000239b0        0x0 ./src/stage2/loader.o

.bss            0x000239c0    0x201b0
 *(.bss)
 .bss           0x000239c0       0x10 ./src/stage2/kernel.o
                0x000239c0                num_smap_entries
                0x000239c4                total_mem
                0x000239c8                SMAP_entry
                0x000239cc                graphics_mode
                0x000239ce                pit_freq
 *fill*         0x000239d0       0x10 
 .bss           0x000239e0      0x420 ./src/stage2/include/libc/stdio.o
                0x000239e0                terminal_row
                0x000239e8                terminal_column
                0x000239f0                terminal_color
                0x000239f4                terminal_buffer
 .bss           0x00023e00        0x0 ./src/stage2/include/libc/string.o
 .bss           0x00023e00    0x1f420 ./src/stage2/include/graphics.o
                0x00023e00                curx
                0x00023e04                cury
                0x00023e20                backbuff
                0x00033820                oldbuff
 .bss           0x00043220      0x806 ./src/stage2/include/idt.o
                0x00043220                idt
                0x00043a20                idtr
 .bss           0x00043a26        0x0 ./src/stage2/include/io.o
 .bss           0x00043a26        0x0 ./src/stage2/include/pic.o
 *fill*         0x00043a26        0x2 
 .bss           0x00043a28        0x8 ./src/stage2/include/pit.o
                0x00043a28                sleep_counter
                0x00043a2c                ticks
 .bss           0x00043a30        0xc ./src/stage2/include/rtc.o
                0x00043a30                global_time
 .bss           0x00043a3c        0x0 ./src/stage2/drivers/ata.o
 *fill*         0x00043a3c        0x4 
 .bss           0x00043a40      0x121 ./src/stage2/drivers/keyboard.o
                0x00043a40                wait_key
                0x00043a44                a
                0x00043a48                last_pressed_key
                0x00043a60                keycache
                0x00043b60                kci
 .bss           0x00043b61        0x1 ./src/stage2/drivers/serial.o
                0x00043b61                is_serial_on
 *fill*         0x00043b62        0x2 
 .bss           0x00043b64        0xc ./src/stage2/include/memory/pmm.o
                0x00043b64                memory_map
                0x00043b68                max_blocks
                0x00043b6c                used_blocks
LOAD ./src/stage2/loader.o
LOAD ./src/stage2/kernel.o
LOAD ./src/stage2/include/libc/stdio.o
LOAD ./src/stage2/include/libc/string.o
LOAD ./src/stage2/include/graphics.o
LOAD ./src/stage2/include/idt.o
LOAD ./src/stage2/include/io.o
LOAD ./src/stage2/include/pic.o
LOAD ./src/stage2/include/pit.o
LOAD ./src/stage2/include/rtc.o
LOAD ./src/stage2/drivers/ata.o
LOAD ./src/stage2/drivers/keyboard.o
LOAD ./src/stage2/drivers/serial.o
LOAD ./src/stage2/include/memory/pmm.o
OUTPUT(./src/stage2/kernel.elf elf32-i386)

.debug_info     0x00000000     0x2e85
 .debug_info    0x00000000      0x645 ./src/stage2/kernel.o
 .debug_info    0x00000645      0x7a2 ./src/stage2/include/libc/stdio.o
 .debug_info    0x00000de7      0x251 ./src/stage2/include/libc/string.o
 .debug_info    0x00001038      0x4a7 ./src/stage2/include/graphics.o
 .debug_info    0x000014df      0x2d0 ./src/stage2/include/idt.o
 .debug_info    0x000017af      0x15a ./src/stage2/include/io.o
 .debug_info    0x00001909      0x198 ./src/stage2/include/pic.o
 .debug_info    0x00001aa1      0x2ac ./src/stage2/include/pit.o
 .debug_info    0x00001d4d      0x340 ./src/stage2/include/rtc.o
 .debug_info    0x0000208d      0x204 ./src/stage2/drivers/ata.o
 .debug_info    0x00002291      0x729 ./src/stage2/drivers/keyboard.o
 .debug_info    0x000029ba      0x124 ./src/stage2/drivers/serial.o
 .debug_info    0x00002ade      0x3a7 ./src/stage2/include/memory/pmm.o

.debug_abbrev   0x00000000     0x11fa
 .debug_abbrev  0x00000000      0x280 ./src/stage2/kernel.o
 .debug_abbrev  0x00000280      0x1da ./src/stage2/include/libc/stdio.o
 .debug_abbrev  0x0000045a       0xe6 ./src/stage2/include/libc/string.o
 .debug_abbrev  0x00000540      0x1a7 ./src/stage2/include/graphics.o
 .debug_abbrev  0x000006e7      0x172 ./src/stage2/include/idt.o
 .debug_abbrev  0x00000859       0xbd ./src/stage2/include/io.o
 .debug_abbrev  0x00000916       0xff ./src/stage2/include/pic.o
 .debug_abbrev  0x00000a15      0x13b ./src/stage2/include/pit.o
 .debug_abbrev  0x00000b50      0x176 ./src/stage2/include/rtc.o
 .debug_abbrev  0x00000cc6      0x10b ./src/stage2/drivers/ata.o
 .debug_abbrev  0x00000dd1      0x1c9 ./src/stage2/drivers/keyboard.o
 .debug_abbrev  0x00000f9a       0xed ./src/stage2/drivers/serial.o
 .debug_abbrev  0x00001087      0x173 ./src/stage2/include/memory/pmm.o

.debug_aranges  0x00000000      0x1a0
 .debug_aranges
                0x00000000       0x20 ./src/stage2/kernel.o
 .debug_aranges
                0x00000020       0x20 ./src/stage2/include/libc/stdio.o
 .debug_aranges
                0x00000040       0x20 ./src/stage2/include/libc/string.o
 .debug_aranges
                0x00000060       0x20 ./src/stage2/include/graphics.o
 .debug_aranges
                0x00000080       0x20 ./src/stage2/include/idt.o
 .debug_aranges
                0x000000a0       0x20 ./src/stage2/include/io.o
 .debug_aranges
                0x000000c0       0x20 ./src/stage2/include/pic.o
 .debug_aranges
                0x000000e0       0x20 ./src/stage2/include/pit.o
 .debug_aranges
                0x00000100       0x20 ./src/stage2/include/rtc.o
 .debug_aranges
                0x00000120       0x20 ./src/stage2/drivers/ata.o
 .debug_aranges
                0x00000140       0x20 ./src/stage2/drivers/keyboard.o
 .debug_aranges
                0x00000160       0x20 ./src/stage2/drivers/serial.o
 .debug_aranges
                0x00000180       0x20 ./src/stage2/include/memory/pmm.o

.debug_line     0x00000000     0x1796
 .debug_line    0x00000000      0x1ff ./src/stage2/kernel.o
 .debug_line    0x000001ff      0x418 ./src/stage2/include/libc/stdio.o
 .debug_line    0x00000617      0x16d ./src/stage2/include/libc/string.o
 .debug_line    0x00000784      0x260 ./src/stage2/include/graphics.o
 .debug_line    0x000009e4      0x10d ./src/stage2/include/idt.o
 .debug_line    0x00000af1       0x84 ./src/stage2/include/io.o
 .debug_line    0x00000b75       0xdf ./src/stage2/include/pic.o
 .debug_line    0x00000c54      0x11c ./src/stage2/include/pit.o
 .debug_line    0x00000d70      0x28f ./src/stage2/include/rtc.o
 .debug_line    0x00000fff      0x1bb ./src/stage2/drivers/ata.o
 .debug_line    0x000011ba      0x2c8 ./src/stage2/drivers/keyboard.o
 .debug_line    0x00001482       0xd2 ./src/stage2/drivers/serial.o
 .debug_line    0x00001554      0x242 ./src/stage2/include/memory/pmm.o

.debug_str      0x00000000     0x107d
 .debug_str     0x00000000     0x107d ./src/stage2/kernel.o
                                0x3c4 (size before relaxing)
 .debug_str     0x0000107d      0x373 ./src/stage2/include/libc/stdio.o
 .debug_str     0x0000107d      0x128 ./src/stage2/include/libc/string.o
 .debug_str     0x0000107d      0x1d9 ./src/stage2/include/graphics.o
 .debug_str     0x0000107d      0x216 ./src/stage2/include/idt.o
 .debug_str     0x0000107d      0x105 ./src/stage2/include/io.o
 .debug_str     0x0000107d      0x15c ./src/stage2/include/pic.o
 .debug_str     0x0000107d      0x1e5 ./src/stage2/include/pit.o
 .debug_str     0x0000107d      0x21b ./src/stage2/include/rtc.o
 .debug_str     0x0000107d      0x13d ./src/stage2/drivers/ata.o
 .debug_str     0x0000107d      0xb00 ./src/stage2/drivers/keyboard.o
 .debug_str     0x0000107d      0x116 ./src/stage2/drivers/serial.o
 .debug_str     0x0000107d      0x223 ./src/stage2/include/memory/pmm.o

.debug_line_str
                0x00000000      0x54f
 .debug_line_str
                0x00000000      0x54f ./src/stage2/kernel.o
                                0x264 (size before relaxing)
 .debug_line_str
                0x0000054f      0x1b1 ./src/stage2/include/libc/stdio.o
 .debug_line_str
                0x0000054f       0xb4 ./src/stage2/include/libc/string.o
 .debug_line_str
                0x0000054f       0xd9 ./src/stage2/include/graphics.o
 .debug_line_str
                0x0000054f       0xa5 ./src/stage2/include/idt.o
 .debug_line_str
                0x0000054f       0x9c ./src/stage2/include/io.o
 .debug_line_str
                0x0000054f       0xbb ./src/stage2/include/pic.o
 .debug_line_str
                0x0000054f      0x106 ./src/stage2/include/pit.o
 .debug_line_str
                0x0000054f      0x107 ./src/stage2/include/rtc.o
 .debug_line_str
                0x0000054f       0xd5 ./src/stage2/drivers/ata.o
 .debug_line_str
                0x0000054f      0x16b ./src/stage2/drivers/keyboard.o
 .debug_line_str
                0x0000054f       0xd6 ./src/stage2/drivers/serial.o
 .debug_line_str
                0x0000054f       0xc6 ./src/stage2/include/memory/pmm.o

.comment        0x00000000       0x12
 .comment       0x00000000       0x12 ./src/stage2/kernel.o
                                 0x13 (size before relaxing)
 .comment       0x00000012       0x13 ./src/stage2/include/libc/stdio.o
 .comment       0x00000012       0x13 ./src/stage2/include/libc/string.o
 .comment       0x00000012       0x13 ./src/stage2/include/graphics.o
 .comment       0x00000012       0x13 ./src/stage2/include/idt.o
 .comment       0x00000012       0x13 ./src/stage2/include/io.o
 .comment       0x00000012       0x13 ./src/stage2/include/pic.o
 .comment       0x00000012       0x13 ./src/stage2/include/pit.o
 .comment       0x00000012       0x13 ./src/stage2/include/rtc.o
 .comment       0x00000012       0x13 ./src/stage2/drivers/ata.o
 .comment       0x00000012       0x13 ./src/stage2/drivers/keyboard.o
 .comment       0x00000012       0x13 ./src/stage2/drivers/serial.o
 .comment       0x00000012       0x13 ./src/stage2/include/memory/pmm.o

.debug_frame    0x00000000      0xd28
 .debug_frame   0x00000000      0x16c ./src/stage2/kernel.o
 .debug_frame   0x0000016c      0x2b4 ./src/stage2/include/libc/stdio.o
 .debug_frame   0x00000420       0xe0 ./src/stage2/include/libc/string.o
 .debug_frame   0x00000500      0x180 ./src/stage2/include/graphics.o
 .debug_frame   0x00000680       0xc4 ./src/stage2/include/idt.o
 .debug_frame   0x00000744       0xb4 ./src/stage2/include/io.o
 .debug_frame   0x000007f8       0xbc ./src/stage2/include/pic.o
 .debug_frame   0x000008b4       0xe0 ./src/stage2/include/pit.o
 .debug_frame   0x00000994       0xe0 ./src/stage2/include/rtc.o
 .debug_frame   0x00000a74       0x58 ./src/stage2/drivers/ata.o
 .debug_frame   0x00000acc       0x80 ./src/stage2/drivers/keyboard.o
 .debug_frame   0x00000b4c       0x94 ./src/stage2/drivers/serial.o
 .debug_frame   0x00000be0      0x148 ./src/stage2/include/memory/pmm.o
