
There are no discarded input sections

Memory Configuration

Name             Origin             Length             Attributes
*default*        0x00000000         0xffffffff

Linker script and memory map

                0x00020000                        . = 0x20000

.text           0x00020000     0x2f60
 *(.text)
 .text          0x00020000        0x9 ./src/kernel/loader.o
 .text          0x00020009      0x616 ./src/kernel/kernel.o
                0x00020009                div_by_zero
                0x00020045                overflow
                0x0002006d                invalid_opcode
                0x00020117                reboot
                0x00020155                dbg
                0x000201a6                print_memory
                0x0002031c                _kstart
 .text          0x0002061f      0xb46 ./src/kernel/include/libc/stdio.o
                0x0002061f                terminal_initialize
                0x00020720                terminal_clear
                0x00020808                terminal_setcolor
                0x00020820                terminal_putentryat
                0x000208c5                terminal_putchar
                0x00020a88                terminal_write
                0x00020aed                terminal_writestring_color
                0x00020b20                terminal_writestring
                0x00020e43                prints
                0x00020efd                printk
                0x00020f48                putchar
                0x00020f8f                printe
                0x00020fb5                printd
                0x00021022                disable_cursor
                0x0002104f                enable_cursor
                0x000210e6                update_cursor
 .text          0x00021165      0x19f ./src/kernel/include/libc/string.o
                0x00021165                strlen
                0x0002119a                strcmp
                0x000211d9                strcpy
                0x00021209                strcat
                0x00021249                memset
                0x000212b2                memcpy
 .text          0x00021304      0x47a ./src/kernel/include/graphics.o
                0x00021304                putpixel
                0x0002134d                init_screen
                0x00021393                clear_screen
                0x000213d4                scroll
                0x0002141d                draw
                0x00021491                fill_rect
                0x000214de                finish
                0x0002157d                write_char
                0x00021623                write_string
                0x000216f4                v_putchar
 .text          0x0002177e      0x161 ./src/kernel/include/idt.o
                0x0002177e                default_exception_handler
                0x00021793                default_exception_handler_err_code
                0x000217b1                default_interrupt_handler
                0x000217c6                set_idt_descriptor
                0x0002181e                init_idt
 .text          0x000218df       0x93 ./src/kernel/include/io.o
                0x000218df                outb
                0x00021900                inb
                0x0002191d                outw
                0x0002193e                inw
                0x0002195d                io_wait
 .text          0x00021972      0x233 ./src/kernel/include/pic.o
                0x00021972                PIC_sendEOI
                0x000219a8                pic_disable
                0x000219d8                IRQ_set_mask
                0x00021a3e                IRQ_clear_mask
                0x00021aa6                remap_PIC
 .text          0x00021ba5      0x1d3 ./src/kernel/include/pit.o
                0x00021ba5                timer_irq_handler
                0x00021bf2                msleep
                0x00021c41                set_pit_mode_frequency
                0x00021cd2                StartSound
                0x00021d22                StopSound
                0x00021d4e                beep
 .text          0x00021d78      0x4f5 ./src/kernel/include/rtc.o
                0x00021de6                rtc_handler
                0x00022153                enable_rtc
                0x000221a3                print_time
 .text          0x0002226d      0x2aa ./src/kernel/drivers/ata.o
                0x0002226d                ata_write_sector
                0x000223b8                ata_read_sector
 .text          0x00022517      0x578 ./src/kernel/drivers/keyboard.o
                0x0002293a                kbd_handler
                0x00022a28                get_input
 .text          0x00022a8f      0x17a ./src/kernel/drivers/serial.o
                0x00022a8f                init_serial
                0x00022b99                write_char_serial
                0x00022bca                write_string_serial
 .text          0x00022c09      0x357 ./src/kernel/include/memory/pmm.o
                0x00022dbd                initialize_physical_memory_manager
                0x00022e06                initialize_memory_region
                0x00022e56                deinitialize_memory_region
                0x00022e9d                alloc_blocks
                0x00022f1b                free_blocks

.iplt           0x00022f60        0x0
 .iplt          0x00022f60        0x0 ./src/kernel/loader.o

.rodata         0x00022f60      0x297
 *(.rodata)
 .rodata        0x00022f60      0x169 ./src/kernel/kernel.o
                0x00022f90                MEMMAP_AREA
 *fill*         0x000230c9        0x7 
 .rodata        0x000230d0       0x94 ./src/kernel/include/libc/stdio.o
 *fill*         0x00023164        0x4 
 .rodata        0x00023168       0x10 ./src/kernel/include/pit.o
 .rodata        0x00023178       0x2d ./src/kernel/include/rtc.o
 *fill*         0x000231a5        0x3 
 .rodata        0x000231a8       0x14 ./src/kernel/drivers/ata.o
 *fill*         0x000231bc        0x4 
 .rodata        0x000231c0       0x37 ./src/kernel/drivers/keyboard.o

.rel.dyn        0x000231f8        0x0
 .rel.got       0x000231f8        0x0 ./src/kernel/loader.o
 .rel.iplt      0x000231f8        0x0 ./src/kernel/loader.o

.data           0x00023200      0x8d0
 *(.data)
 .data          0x00023200       0x80 ./src/kernel/kernel.o
                0x00023200                x
                0x00023240                heart
 .data          0x00023280       0x11 ./src/kernel/include/libc/stdio.o
 .data          0x00023291        0x0 ./src/kernel/include/libc/string.o
 *fill*         0x00023291        0xf 
 .data          0x000232a0      0x820 ./src/kernel/include/graphics.o
                0x000232a0                default_color
                0x000232c0                g_8x8_font
 .data          0x00023ac0        0x0 ./src/kernel/include/idt.o
 .data          0x00023ac0        0x0 ./src/kernel/include/io.o
 .data          0x00023ac0        0x0 ./src/kernel/include/pic.o
 .data          0x00023ac0        0x0 ./src/kernel/include/pit.o
 .data          0x00023ac0        0x0 ./src/kernel/include/rtc.o
 .data          0x00023ac0        0x0 ./src/kernel/drivers/ata.o
 .data          0x00023ac0       0x10 ./src/kernel/drivers/keyboard.o
                0x00023ac0                __qwertyuiop
                0x00023ac4                __asdfghjkl
                0x00023ac8                __zxcvbnm
                0x00023acc                __num
 .data          0x00023ad0        0x0 ./src/kernel/drivers/serial.o
 .data          0x00023ad0        0x0 ./src/kernel/include/memory/pmm.o

.got            0x00023ad0        0x0
 .got           0x00023ad0        0x0 ./src/kernel/loader.o

.got.plt        0x00023ad0        0x0
 .got.plt       0x00023ad0        0x0 ./src/kernel/loader.o

.igot.plt       0x00023ad0        0x0
 .igot.plt      0x00023ad0        0x0 ./src/kernel/loader.o

.bss            0x00023ae0    0x201b0
 *(.bss)
 .bss           0x00023ae0       0x10 ./src/kernel/kernel.o
                0x00023ae0                num_smap_entries
                0x00023ae4                total_mem
                0x00023ae8                SMAP_entry
                0x00023aec                graphics_mode
                0x00023aee                pit_freq
 *fill*         0x00023af0       0x10 
 .bss           0x00023b00      0x420 ./src/kernel/include/libc/stdio.o
                0x00023b00                terminal_row
                0x00023b08                terminal_column
                0x00023b10                terminal_color
                0x00023b14                terminal_buffer
 .bss           0x00023f20        0x0 ./src/kernel/include/libc/string.o
 .bss           0x00023f20    0x1f420 ./src/kernel/include/graphics.o
                0x00023f20                curx
                0x00023f24                cury
                0x00023f40                backbuff
                0x00033940                oldbuff
 .bss           0x00043340      0x806 ./src/kernel/include/idt.o
                0x00043340                idt
                0x00043b40                idtr
 .bss           0x00043b46        0x0 ./src/kernel/include/io.o
 .bss           0x00043b46        0x0 ./src/kernel/include/pic.o
 *fill*         0x00043b46        0x2 
 .bss           0x00043b48        0x8 ./src/kernel/include/pit.o
                0x00043b48                sleep_counter
                0x00043b4c                ticks
 .bss           0x00043b50        0xc ./src/kernel/include/rtc.o
                0x00043b50                global_time
 .bss           0x00043b5c        0x0 ./src/kernel/drivers/ata.o
 *fill*         0x00043b5c        0x4 
 .bss           0x00043b60      0x122 ./src/kernel/drivers/keyboard.o
                0x00043b60                wait_key
                0x00043b64                a
                0x00043b68                last_pressed_key
                0x00043b80                keycache
                0x00043c80                kci
                0x00043c81                e0
 .bss           0x00043c82        0x1 ./src/kernel/drivers/serial.o
                0x00043c82                is_serial_on
 *fill*         0x00043c83        0x1 
 .bss           0x00043c84        0xc ./src/kernel/include/memory/pmm.o
                0x00043c84                memory_map
                0x00043c88                max_blocks
                0x00043c8c                used_blocks
LOAD ./src/kernel/loader.o
LOAD ./src/kernel/kernel.o
LOAD ./src/kernel/include/libc/stdio.o
LOAD ./src/kernel/include/libc/string.o
LOAD ./src/kernel/include/graphics.o
LOAD ./src/kernel/include/idt.o
LOAD ./src/kernel/include/io.o
LOAD ./src/kernel/include/pic.o
LOAD ./src/kernel/include/pit.o
LOAD ./src/kernel/include/rtc.o
LOAD ./src/kernel/drivers/ata.o
LOAD ./src/kernel/drivers/keyboard.o
LOAD ./src/kernel/drivers/serial.o
LOAD ./src/kernel/include/memory/pmm.o
OUTPUT(./src/kernel/kernel.elf elf32-i386)

.debug_info     0x00000000     0x2efb
 .debug_info    0x00000000      0x643 ./src/kernel/kernel.o
 .debug_info    0x00000643      0x7a2 ./src/kernel/include/libc/stdio.o
 .debug_info    0x00000de5      0x251 ./src/kernel/include/libc/string.o
 .debug_info    0x00001036      0x4b9 ./src/kernel/include/graphics.o
 .debug_info    0x000014ef      0x2d0 ./src/kernel/include/idt.o
 .debug_info    0x000017bf      0x15a ./src/kernel/include/io.o
 .debug_info    0x00001919      0x198 ./src/kernel/include/pic.o
 .debug_info    0x00001ab1      0x2ac ./src/kernel/include/pit.o
 .debug_info    0x00001d5d      0x340 ./src/kernel/include/rtc.o
 .debug_info    0x0000209d      0x220 ./src/kernel/drivers/ata.o
 .debug_info    0x000022bd      0x757 ./src/kernel/drivers/keyboard.o
 .debug_info    0x00002a14      0x140 ./src/kernel/drivers/serial.o
 .debug_info    0x00002b54      0x3a7 ./src/kernel/include/memory/pmm.o

.debug_abbrev   0x00000000     0x11f9
 .debug_abbrev  0x00000000      0x299 ./src/kernel/kernel.o
 .debug_abbrev  0x00000299      0x1da ./src/kernel/include/libc/stdio.o
 .debug_abbrev  0x00000473       0xe6 ./src/kernel/include/libc/string.o
 .debug_abbrev  0x00000559      0x18e ./src/kernel/include/graphics.o
 .debug_abbrev  0x000006e7      0x172 ./src/kernel/include/idt.o
 .debug_abbrev  0x00000859       0xbd ./src/kernel/include/io.o
 .debug_abbrev  0x00000916       0xff ./src/kernel/include/pic.o
 .debug_abbrev  0x00000a15      0x13b ./src/kernel/include/pit.o
 .debug_abbrev  0x00000b50      0x176 ./src/kernel/include/rtc.o
 .debug_abbrev  0x00000cc6      0x10b ./src/kernel/drivers/ata.o
 .debug_abbrev  0x00000dd1      0x1c8 ./src/kernel/drivers/keyboard.o
 .debug_abbrev  0x00000f99       0xed ./src/kernel/drivers/serial.o
 .debug_abbrev  0x00001086      0x173 ./src/kernel/include/memory/pmm.o

.debug_aranges  0x00000000      0x1a0
 .debug_aranges
                0x00000000       0x20 ./src/kernel/kernel.o
 .debug_aranges
                0x00000020       0x20 ./src/kernel/include/libc/stdio.o
 .debug_aranges
                0x00000040       0x20 ./src/kernel/include/libc/string.o
 .debug_aranges
                0x00000060       0x20 ./src/kernel/include/graphics.o
 .debug_aranges
                0x00000080       0x20 ./src/kernel/include/idt.o
 .debug_aranges
                0x000000a0       0x20 ./src/kernel/include/io.o
 .debug_aranges
                0x000000c0       0x20 ./src/kernel/include/pic.o
 .debug_aranges
                0x000000e0       0x20 ./src/kernel/include/pit.o
 .debug_aranges
                0x00000100       0x20 ./src/kernel/include/rtc.o
 .debug_aranges
                0x00000120       0x20 ./src/kernel/drivers/ata.o
 .debug_aranges
                0x00000140       0x20 ./src/kernel/drivers/keyboard.o
 .debug_aranges
                0x00000160       0x20 ./src/kernel/drivers/serial.o
 .debug_aranges
                0x00000180       0x20 ./src/kernel/include/memory/pmm.o

.debug_line     0x00000000     0x17af
 .debug_line    0x00000000      0x203 ./src/kernel/kernel.o
 .debug_line    0x00000203      0x418 ./src/kernel/include/libc/stdio.o
 .debug_line    0x0000061b      0x16d ./src/kernel/include/libc/string.o
 .debug_line    0x00000788      0x26a ./src/kernel/include/graphics.o
 .debug_line    0x000009f2      0x10d ./src/kernel/include/idt.o
 .debug_line    0x00000aff       0x84 ./src/kernel/include/io.o
 .debug_line    0x00000b83       0xdf ./src/kernel/include/pic.o
 .debug_line    0x00000c62      0x11c ./src/kernel/include/pit.o
 .debug_line    0x00000d7e      0x28f ./src/kernel/include/rtc.o
 .debug_line    0x0000100d      0x1bb ./src/kernel/drivers/ata.o
 .debug_line    0x000011c8      0x2d3 ./src/kernel/drivers/keyboard.o
 .debug_line    0x0000149b       0xd2 ./src/kernel/drivers/serial.o
 .debug_line    0x0000156d      0x242 ./src/kernel/include/memory/pmm.o

.debug_str      0x00000000     0x1096
 .debug_str     0x00000000     0x1096 ./src/kernel/kernel.o
                                0x3c4 (size before relaxing)
 .debug_str     0x00001096      0x373 ./src/kernel/include/libc/stdio.o
 .debug_str     0x00001096      0x128 ./src/kernel/include/libc/string.o
 .debug_str     0x00001096      0x1ea ./src/kernel/include/graphics.o
 .debug_str     0x00001096      0x216 ./src/kernel/include/idt.o
 .debug_str     0x00001096      0x105 ./src/kernel/include/io.o
 .debug_str     0x00001096      0x15c ./src/kernel/include/pic.o
 .debug_str     0x00001096      0x1e5 ./src/kernel/include/pit.o
 .debug_str     0x00001096      0x21b ./src/kernel/include/rtc.o
 .debug_str     0x00001096      0x16a ./src/kernel/drivers/ata.o
 .debug_str     0x00001096      0xb0f ./src/kernel/drivers/keyboard.o
 .debug_str     0x00001096      0x143 ./src/kernel/drivers/serial.o
 .debug_str     0x00001096      0x223 ./src/kernel/include/memory/pmm.o

.debug_line_str
                0x00000000      0x54f
 .debug_line_str
                0x00000000      0x54f ./src/kernel/kernel.o
                                0x258 (size before relaxing)
 .debug_line_str
                0x0000054f      0x1b1 ./src/kernel/include/libc/stdio.o
 .debug_line_str
                0x0000054f       0xb4 ./src/kernel/include/libc/string.o
 .debug_line_str
                0x0000054f       0xd9 ./src/kernel/include/graphics.o
 .debug_line_str
                0x0000054f       0xa5 ./src/kernel/include/idt.o
 .debug_line_str
                0x0000054f       0x9c ./src/kernel/include/io.o
 .debug_line_str
                0x0000054f       0xbb ./src/kernel/include/pic.o
 .debug_line_str
                0x0000054f      0x106 ./src/kernel/include/pit.o
 .debug_line_str
                0x0000054f      0x107 ./src/kernel/include/rtc.o
 .debug_line_str
                0x0000054f       0xd5 ./src/kernel/drivers/ata.o
 .debug_line_str
                0x0000054f      0x16b ./src/kernel/drivers/keyboard.o
 .debug_line_str
                0x0000054f       0xd6 ./src/kernel/drivers/serial.o
 .debug_line_str
                0x0000054f       0xc6 ./src/kernel/include/memory/pmm.o

.comment        0x00000000       0x12
 .comment       0x00000000       0x12 ./src/kernel/kernel.o
                                 0x13 (size before relaxing)
 .comment       0x00000012       0x13 ./src/kernel/include/libc/stdio.o
 .comment       0x00000012       0x13 ./src/kernel/include/libc/string.o
 .comment       0x00000012       0x13 ./src/kernel/include/graphics.o
 .comment       0x00000012       0x13 ./src/kernel/include/idt.o
 .comment       0x00000012       0x13 ./src/kernel/include/io.o
 .comment       0x00000012       0x13 ./src/kernel/include/pic.o
 .comment       0x00000012       0x13 ./src/kernel/include/pit.o
 .comment       0x00000012       0x13 ./src/kernel/include/rtc.o
 .comment       0x00000012       0x13 ./src/kernel/drivers/ata.o
 .comment       0x00000012       0x13 ./src/kernel/drivers/keyboard.o
 .comment       0x00000012       0x13 ./src/kernel/drivers/serial.o
 .comment       0x00000012       0x13 ./src/kernel/include/memory/pmm.o

.debug_frame    0x00000000      0xd28
 .debug_frame   0x00000000      0x16c ./src/kernel/kernel.o
 .debug_frame   0x0000016c      0x2b4 ./src/kernel/include/libc/stdio.o
 .debug_frame   0x00000420       0xe0 ./src/kernel/include/libc/string.o
 .debug_frame   0x00000500      0x180 ./src/kernel/include/graphics.o
 .debug_frame   0x00000680       0xc4 ./src/kernel/include/idt.o
 .debug_frame   0x00000744       0xb4 ./src/kernel/include/io.o
 .debug_frame   0x000007f8       0xbc ./src/kernel/include/pic.o
 .debug_frame   0x000008b4       0xe0 ./src/kernel/include/pit.o
 .debug_frame   0x00000994       0xe0 ./src/kernel/include/rtc.o
 .debug_frame   0x00000a74       0x58 ./src/kernel/drivers/ata.o
 .debug_frame   0x00000acc       0x80 ./src/kernel/drivers/keyboard.o
 .debug_frame   0x00000b4c       0x94 ./src/kernel/drivers/serial.o
 .debug_frame   0x00000be0      0x148 ./src/kernel/include/memory/pmm.o
