
There are no discarded input sections

Memory Configuration

Name             Origin             Length             Attributes
*default*        0x00000000         0xffffffff

Linker script and memory map

                0x00020000                        . = 0x20000

.text           0x00020000     0x2857
 *(.text)
 .text          0x00020000        0x9 ./src/stage2/loader.o
 .text          0x00020009      0x2de ./src/stage2/kernel.o
                0x00020077                div_by_zero
                0x000200b3                overflow
                0x000200db                invalid_opcode
                0x00020117                reboot
                0x00020155                dbg
                0x000201a6                _kstart
 .text          0x000202e7      0xbcf ./src/stage2/include/libc/stdio.o
                0x000202e7                terminal_initialize
                0x000203e8                terminal_clear
                0x000204d0                terminal_setcolor
                0x000204e8                terminal_putentryat
                0x0002058d                terminal_putchar
                0x00020750                terminal_write
                0x000207b5                terminal_writestring_color
                0x000207e8                terminal_writestring
                0x000209c6                vsprintf
                0x00020bbe                printf
                0x00020c19                prints
                0x00020c74                printv
                0x00020ce0                printe
                0x00020d06                printd
                0x00020d73                disable_cursor
                0x00020da0                enable_cursor
                0x00020e37                update_cursor
 .text          0x00020eb6      0x19f ./src/stage2/include/libc/string.o
                0x00020eb6                strlen
                0x00020eeb                strcmp
                0x00020f2a                strcpy
                0x00020f5a                strcat
                0x00020f9a                memset
                0x00021003                memcpy
 .text          0x00021055      0x28c ./src/stage2/include/graphics.o
                0x00021055                putpixel
                0x0002109e                init_screen
                0x000210c6                draw
                0x0002113a                fill_rect
                0x00021187                finish
                0x00021226                write_char
                0x00021268                write_string
 .text          0x000212e1      0x161 ./src/stage2/include/idt.o
                0x000212e1                default_exception_handler
                0x000212f6                default_exception_handler_err_code
                0x00021314                default_interrupt_handler
                0x00021329                set_idt_descriptor
                0x00021381                init_idt
 .text          0x00021442       0x93 ./src/stage2/include/io.o
                0x00021442                outb
                0x00021463                inb
                0x00021480                outw
                0x000214a1                inw
                0x000214c0                io_wait
 .text          0x000214d5      0x233 ./src/stage2/include/pic.o
                0x000214d5                PIC_sendEOI
                0x0002150b                pic_disable
                0x0002153b                IRQ_set_mask
                0x000215a1                IRQ_clear_mask
                0x00021609                remap_PIC
 .text          0x00021708      0x1d3 ./src/stage2/include/pit.o
                0x00021708                timer_irq_handler
                0x00021755                msleep
                0x000217a4                set_pit_mode_frequency
                0x00021835                StartSound
                0x00021885                StopSound
                0x000218b1                beep
 .text          0x000218db      0x4f5 ./src/stage2/include/rtc.o
                0x00021949                rtc_handler
                0x00021cb6                enable_rtc
                0x00021d06                print_time
 .text          0x00021dd0      0x2aa ./src/stage2/drivers/ata.o
                0x00021dd0                ata_write_sector
                0x00021f1b                ata_read_sector
 .text          0x0002207a      0x663 ./src/stage2/drivers/keyboard.o
                0x0002207a                put_kb
                0x000225cd                kbd_handler
                0x00022676                get_input
 .text          0x000226dd      0x17a ./src/stage2/drivers/serial.o
                0x000226dd                init_serial
                0x000227e7                write_char_serial
                0x00022818                write_string_serial

.iplt           0x00022857        0x0
 .iplt          0x00022857        0x0 ./src/stage2/loader.o

.rodata         0x00022858      0x197
 *(.rodata)
 .rodata        0x00022858       0x70 ./src/stage2/kernel.o
 .rodata        0x000228c8       0x94 ./src/stage2/include/libc/stdio.o
 *fill*         0x0002295c        0x4 
 .rodata        0x00022960       0x10 ./src/stage2/include/pit.o
 .rodata        0x00022970       0x2d ./src/stage2/include/rtc.o
 *fill*         0x0002299d        0x3 
 .rodata        0x000229a0       0x14 ./src/stage2/drivers/ata.o
 *fill*         0x000229b4        0x4 
 .rodata        0x000229b8       0x37 ./src/stage2/drivers/keyboard.o

.rel.dyn        0x000229f0        0x0
 .rel.got       0x000229f0        0x0 ./src/stage2/loader.o
 .rel.iplt      0x000229f0        0x0 ./src/stage2/loader.o

.data           0x00022a00      0x8b0
 *(.data)
 .data          0x00022a00       0x80 ./src/stage2/kernel.o
                0x00022a00                x
                0x00022a40                heart
 .data          0x00022a80       0x11 ./src/stage2/include/libc/stdio.o
 .data          0x00022a91        0x0 ./src/stage2/include/libc/string.o
 *fill*         0x00022a91        0xf 
 .data          0x00022aa0      0x800 ./src/stage2/include/graphics.o
                0x00022aa0                g_8x8_font
 .data          0x000232a0        0x0 ./src/stage2/include/idt.o
 .data          0x000232a0        0x0 ./src/stage2/include/io.o
 .data          0x000232a0        0x0 ./src/stage2/include/pic.o
 .data          0x000232a0        0x0 ./src/stage2/include/pit.o
 .data          0x000232a0        0x0 ./src/stage2/include/rtc.o
 .data          0x000232a0        0x0 ./src/stage2/drivers/ata.o
 .data          0x000232a0       0x10 ./src/stage2/drivers/keyboard.o
                0x000232a0                __qwertyuiop
                0x000232a4                __asdfghjkl
                0x000232a8                __zxcvbnm
                0x000232ac                __num
 .data          0x000232b0        0x0 ./src/stage2/drivers/serial.o

.got            0x000232b0        0x0
 .got           0x000232b0        0x0 ./src/stage2/loader.o

.got.plt        0x000232b0        0x0
 .got.plt       0x000232b0        0x0 ./src/stage2/loader.o

.igot.plt       0x000232b0        0x0
 .igot.plt      0x000232b0        0x0 ./src/stage2/loader.o

.bss            0x000232c0    0x107a2
 *(.bss)
 .bss           0x000232c0        0x2 ./src/stage2/kernel.o
                0x000232c0                pit_freq
 *fill*         0x000232c2       0x1e 
 .bss           0x000232e0      0x420 ./src/stage2/include/libc/stdio.o
                0x000232e0                terminal_row
                0x000232e8                terminal_column
                0x000232f0                terminal_color
                0x000232f4                terminal_buffer
 .bss           0x00023700        0x0 ./src/stage2/include/libc/string.o
 .bss           0x00023700     0xfa20 ./src/stage2/include/graphics.o
                0x00023700                init_color
                0x00023704                curx
                0x00023708                cury
                0x00023720                backbuff
 .bss           0x00033120      0x806 ./src/stage2/include/idt.o
                0x00033120                idt
                0x00033920                idtr
 .bss           0x00033926        0x0 ./src/stage2/include/io.o
 .bss           0x00033926        0x0 ./src/stage2/include/pic.o
 *fill*         0x00033926        0x2 
 .bss           0x00033928        0x8 ./src/stage2/include/pit.o
                0x00033928                sleep_counter
                0x0003392c                ticks
 .bss           0x00033930        0xc ./src/stage2/include/rtc.o
                0x00033930                global_time
 .bss           0x0003393c        0x0 ./src/stage2/drivers/ata.o
 *fill*         0x0003393c        0x4 
 .bss           0x00033940      0x121 ./src/stage2/drivers/keyboard.o
                0x00033940                wait_key
                0x00033944                a
                0x00033948                last_pressed_key
                0x00033960                keycache
                0x00033a60                kci
 .bss           0x00033a61        0x1 ./src/stage2/drivers/serial.o
                0x00033a61                is_serial_on
LOAD ./src/stage2/loader.o
LOAD ./src/stage2/kernel.o
LOAD ./src/stage2/include/libc/stdio.o
LOAD ./src/stage2/include/libc/string.o
LOAD ./src/stage2/include/graphics.o
LOAD ./src/stage2/include/idt.o
LOAD ./src/stage2/include/io.o
LOAD ./src/stage2/include/pic.o
LOAD ./src/stage2/include/pit.o
LOAD ./src/stage2/include/rtc.o
LOAD ./src/stage2/drivers/ata.o
LOAD ./src/stage2/drivers/keyboard.o
LOAD ./src/stage2/drivers/serial.o
OUTPUT(./src/stage2/kernel.elf elf32-i386)

.debug_info     0x00000000     0x26fd
 .debug_info    0x00000000      0x3e3 ./src/stage2/kernel.o
 .debug_info    0x000003e3      0x788 ./src/stage2/include/libc/stdio.o
 .debug_info    0x00000b6b      0x235 ./src/stage2/include/libc/string.o
 .debug_info    0x00000da0      0x406 ./src/stage2/include/graphics.o
 .debug_info    0x000011a6      0x2b4 ./src/stage2/include/idt.o
 .debug_info    0x0000145a      0x13e ./src/stage2/include/io.o
 .debug_info    0x00001598      0x17c ./src/stage2/include/pic.o
 .debug_info    0x00001714      0x290 ./src/stage2/include/pit.o
 .debug_info    0x000019a4      0x324 ./src/stage2/include/rtc.o
 .debug_info    0x00001cc8      0x204 ./src/stage2/drivers/ata.o
 .debug_info    0x00001ecc      0x70d ./src/stage2/drivers/keyboard.o
 .debug_info    0x000025d9      0x124 ./src/stage2/drivers/serial.o

.debug_abbrev   0x00000000     0x1033
 .debug_abbrev  0x00000000      0x22b ./src/stage2/kernel.o
 .debug_abbrev  0x0000022b      0x1e2 ./src/stage2/include/libc/stdio.o
 .debug_abbrev  0x0000040d       0xe6 ./src/stage2/include/libc/string.o
 .debug_abbrev  0x000004f3      0x19d ./src/stage2/include/graphics.o
 .debug_abbrev  0x00000690      0x172 ./src/stage2/include/idt.o
 .debug_abbrev  0x00000802       0xbd ./src/stage2/include/io.o
 .debug_abbrev  0x000008bf       0xff ./src/stage2/include/pic.o
 .debug_abbrev  0x000009be      0x13b ./src/stage2/include/pit.o
 .debug_abbrev  0x00000af9      0x176 ./src/stage2/include/rtc.o
 .debug_abbrev  0x00000c6f      0x10b ./src/stage2/drivers/ata.o
 .debug_abbrev  0x00000d7a      0x1cc ./src/stage2/drivers/keyboard.o
 .debug_abbrev  0x00000f46       0xed ./src/stage2/drivers/serial.o

.debug_aranges  0x00000000      0x180
 .debug_aranges
                0x00000000       0x20 ./src/stage2/kernel.o
 .debug_aranges
                0x00000020       0x20 ./src/stage2/include/libc/stdio.o
 .debug_aranges
                0x00000040       0x20 ./src/stage2/include/libc/string.o
 .debug_aranges
                0x00000060       0x20 ./src/stage2/include/graphics.o
 .debug_aranges
                0x00000080       0x20 ./src/stage2/include/idt.o
 .debug_aranges
                0x000000a0       0x20 ./src/stage2/include/io.o
 .debug_aranges
                0x000000c0       0x20 ./src/stage2/include/pic.o
 .debug_aranges
                0x000000e0       0x20 ./src/stage2/include/pit.o
 .debug_aranges
                0x00000100       0x20 ./src/stage2/include/rtc.o
 .debug_aranges
                0x00000120       0x20 ./src/stage2/drivers/ata.o
 .debug_aranges
                0x00000140       0x20 ./src/stage2/drivers/keyboard.o
 .debug_aranges
                0x00000160       0x20 ./src/stage2/drivers/serial.o

.debug_line     0x00000000     0x13c8
 .debug_line    0x00000000      0x13c ./src/stage2/kernel.o
 .debug_line    0x0000013c      0x419 ./src/stage2/include/libc/stdio.o
 .debug_line    0x00000555      0x16d ./src/stage2/include/libc/string.o
 .debug_line    0x000006c2      0x1a0 ./src/stage2/include/graphics.o
 .debug_line    0x00000862      0x10d ./src/stage2/include/idt.o
 .debug_line    0x0000096f       0x84 ./src/stage2/include/io.o
 .debug_line    0x000009f3       0xdf ./src/stage2/include/pic.o
 .debug_line    0x00000ad2      0x11c ./src/stage2/include/pit.o
 .debug_line    0x00000bee      0x28f ./src/stage2/include/rtc.o
 .debug_line    0x00000e7d      0x1bb ./src/stage2/drivers/ata.o
 .debug_line    0x00001038      0x2be ./src/stage2/drivers/keyboard.o
 .debug_line    0x000012f6       0xd2 ./src/stage2/drivers/serial.o

.debug_str      0x00000000      0xecf
 .debug_str     0x00000000      0xecf ./src/stage2/kernel.o
                                0x269 (size before relaxing)
 .debug_str     0x00000ecf      0x328 ./src/stage2/include/libc/stdio.o
 .debug_str     0x00000ecf       0xfb ./src/stage2/include/libc/string.o
 .debug_str     0x00000ecf      0x178 ./src/stage2/include/graphics.o
 .debug_str     0x00000ecf      0x1e9 ./src/stage2/include/idt.o
 .debug_str     0x00000ecf       0xd8 ./src/stage2/include/io.o
 .debug_str     0x00000ecf      0x12f ./src/stage2/include/pic.o
 .debug_str     0x00000ecf      0x1b8 ./src/stage2/include/pit.o
 .debug_str     0x00000ecf      0x1ee ./src/stage2/include/rtc.o
 .debug_str     0x00000ecf      0x13d ./src/stage2/drivers/ata.o
 .debug_str     0x00000ecf      0xaf9 ./src/stage2/drivers/keyboard.o
 .debug_str     0x00000ecf      0x116 ./src/stage2/drivers/serial.o

.debug_line_str
                0x00000000      0x47b
 .debug_line_str
                0x00000000      0x47b ./src/stage2/kernel.o
                                0x1c9 (size before relaxing)
 .debug_line_str
                0x0000047b      0x1b1 ./src/stage2/include/libc/stdio.o
 .debug_line_str
                0x0000047b       0xb4 ./src/stage2/include/libc/string.o
 .debug_line_str
                0x0000047b       0xd9 ./src/stage2/include/graphics.o
 .debug_line_str
                0x0000047b       0xa5 ./src/stage2/include/idt.o
 .debug_line_str
                0x0000047b       0x9c ./src/stage2/include/io.o
 .debug_line_str
                0x0000047b       0xbb ./src/stage2/include/pic.o
 .debug_line_str
                0x0000047b      0x106 ./src/stage2/include/pit.o
 .debug_line_str
                0x0000047b      0x107 ./src/stage2/include/rtc.o
 .debug_line_str
                0x0000047b       0xd5 ./src/stage2/drivers/ata.o
 .debug_line_str
                0x0000047b      0x12f ./src/stage2/drivers/keyboard.o
 .debug_line_str
                0x0000047b       0xd6 ./src/stage2/drivers/serial.o

.comment        0x00000000       0x12
 .comment       0x00000000       0x12 ./src/stage2/kernel.o
                                 0x13 (size before relaxing)
 .comment       0x00000012       0x13 ./src/stage2/include/libc/stdio.o
 .comment       0x00000012       0x13 ./src/stage2/include/libc/string.o
 .comment       0x00000012       0x13 ./src/stage2/include/graphics.o
 .comment       0x00000012       0x13 ./src/stage2/include/idt.o
 .comment       0x00000012       0x13 ./src/stage2/include/io.o
 .comment       0x00000012       0x13 ./src/stage2/include/pic.o
 .comment       0x00000012       0x13 ./src/stage2/include/pit.o
 .comment       0x00000012       0x13 ./src/stage2/include/rtc.o
 .comment       0x00000012       0x13 ./src/stage2/drivers/ata.o
 .comment       0x00000012       0x13 ./src/stage2/drivers/keyboard.o
 .comment       0x00000012       0x13 ./src/stage2/drivers/serial.o

.debug_frame    0x00000000      0xb50
 .debug_frame   0x00000000      0x150 ./src/stage2/kernel.o
 .debug_frame   0x00000150      0x29c ./src/stage2/include/libc/stdio.o
 .debug_frame   0x000003ec       0xe0 ./src/stage2/include/libc/string.o
 .debug_frame   0x000004cc      0x11c ./src/stage2/include/graphics.o
 .debug_frame   0x000005e8       0xc4 ./src/stage2/include/idt.o
 .debug_frame   0x000006ac       0xb4 ./src/stage2/include/io.o
 .debug_frame   0x00000760       0xbc ./src/stage2/include/pic.o
 .debug_frame   0x0000081c       0xe0 ./src/stage2/include/pit.o
 .debug_frame   0x000008fc       0xe0 ./src/stage2/include/rtc.o
 .debug_frame   0x000009dc       0x58 ./src/stage2/drivers/ata.o
 .debug_frame   0x00000a34       0x88 ./src/stage2/drivers/keyboard.o
 .debug_frame   0x00000abc       0x94 ./src/stage2/drivers/serial.o
