
There are no discarded input sections

Memory Configuration

Name             Origin             Length             Attributes
*default*        0x00000000         0xffffffff

Linker script and memory map

                0x00020000                        . = 0x20000

.text           0x00020000     0x30b8
 *(.text)
 .text          0x00020000        0x9 ./src/kernel/loader.o
 .text          0x00020009      0x76e ./src/kernel/kernel.o
                0x00020009                div_by_zero
                0x00020045                overflow
                0x0002006d                invalid_opcode
                0x00020117                reboot
                0x00020155                dbg
                0x000201a6                print_memory
                0x0002031c                aaa
                0x00020375                _kstart
 .text          0x00020777      0xb46 ./src/kernel/include/libc/stdio.o
                0x00020777                terminal_initialize
                0x00020878                terminal_clear
                0x00020960                terminal_setcolor
                0x00020978                terminal_putentryat
                0x00020a1d                terminal_putchar
                0x00020be0                terminal_write
                0x00020c45                terminal_writestring_color
                0x00020c78                terminal_writestring
                0x00020f9b                prints
                0x00021055                printk
                0x000210a0                putchar
                0x000210e7                printe
                0x0002110d                printd
                0x0002117a                disable_cursor
                0x000211a7                enable_cursor
                0x0002123e                update_cursor
 .text          0x000212bd      0x19f ./src/kernel/include/libc/string.o
                0x000212bd                strlen
                0x000212f2                strcmp
                0x00021331                strcpy
                0x00021361                strcat
                0x000213a1                memset
                0x0002140a                memcpy
 .text          0x0002145c      0x47a ./src/kernel/include/graphics.o
                0x0002145c                putpixel
                0x000214a5                init_screen
                0x000214eb                clear_screen
                0x0002152c                scroll
                0x00021575                draw
                0x000215e9                fill_rect
                0x00021636                finish
                0x000216d5                write_char
                0x0002177b                write_string
                0x0002184c                v_putchar
 .text          0x000218d6      0x161 ./src/kernel/include/idt.o
                0x000218d6                default_exception_handler
                0x000218eb                default_exception_handler_err_code
                0x00021909                default_interrupt_handler
                0x0002191e                set_idt_descriptor
                0x00021976                init_idt
 .text          0x00021a37       0x93 ./src/kernel/include/io.o
                0x00021a37                outb
                0x00021a58                inb
                0x00021a75                outw
                0x00021a96                inw
                0x00021ab5                io_wait
 .text          0x00021aca      0x233 ./src/kernel/include/pic.o
                0x00021aca                PIC_sendEOI
                0x00021b00                pic_disable
                0x00021b30                IRQ_set_mask
                0x00021b96                IRQ_clear_mask
                0x00021bfe                remap_PIC
 .text          0x00021cfd      0x1d3 ./src/kernel/include/pit.o
                0x00021cfd                timer_irq_handler
                0x00021d4a                msleep
                0x00021d99                set_pit_mode_frequency
                0x00021e2a                StartSound
                0x00021e7a                StopSound
                0x00021ea6                beep
 .text          0x00021ed0      0x4f5 ./src/kernel/include/rtc.o
                0x00021f3e                rtc_handler
                0x000222ab                enable_rtc
                0x000222fb                print_time
 .text          0x000223c5      0x2aa ./src/kernel/drivers/ata.o
                0x000223c5                ata_write_sector
                0x00022510                ata_read_sector
 .text          0x0002266f      0x578 ./src/kernel/drivers/keyboard.o
                0x00022a92                kbd_handler
                0x00022b80                get_input
 .text          0x00022be7      0x17a ./src/kernel/drivers/serial.o
                0x00022be7                init_serial
                0x00022cf1                write_char_serial
                0x00022d22                write_string_serial
 .text          0x00022d61      0x357 ./src/kernel/include/memory/pmm.o
                0x00022f15                initialize_physical_memory_manager
                0x00022f5e                initialize_memory_region
                0x00022fae                deinitialize_memory_region
                0x00022ff5                alloc_blocks
                0x00023073                free_blocks

.iplt           0x000230b8        0x0
 .iplt          0x000230b8        0x0 ./src/kernel/loader.o

.rodata         0x000230b8      0x2a7
 *(.rodata)
 .rodata        0x000230b8      0x17b ./src/kernel/kernel.o
                0x000230e8                MEMMAP_AREA
 *fill*         0x00023233        0x5 
 .rodata        0x00023238       0x94 ./src/kernel/include/libc/stdio.o
 *fill*         0x000232cc        0x4 
 .rodata        0x000232d0       0x10 ./src/kernel/include/pit.o
 .rodata        0x000232e0       0x2d ./src/kernel/include/rtc.o
 *fill*         0x0002330d        0x3 
 .rodata        0x00023310       0x14 ./src/kernel/drivers/ata.o
 *fill*         0x00023324        0x4 
 .rodata        0x00023328       0x37 ./src/kernel/drivers/keyboard.o

.rel.dyn        0x00023360        0x0
 .rel.got       0x00023360        0x0 ./src/kernel/loader.o
 .rel.iplt      0x00023360        0x0 ./src/kernel/loader.o

.data           0x00023360      0x8d0
 *(.data)
 .data          0x00023360       0x80 ./src/kernel/kernel.o
                0x00023360                x
                0x000233a0                heart
 .data          0x000233e0       0x11 ./src/kernel/include/libc/stdio.o
 .data          0x000233f1        0x0 ./src/kernel/include/libc/string.o
 *fill*         0x000233f1        0xf 
 .data          0x00023400      0x820 ./src/kernel/include/graphics.o
                0x00023400                default_color
                0x00023420                g_8x8_font
 .data          0x00023c20        0x0 ./src/kernel/include/idt.o
 .data          0x00023c20        0x0 ./src/kernel/include/io.o
 .data          0x00023c20        0x0 ./src/kernel/include/pic.o
 .data          0x00023c20        0x0 ./src/kernel/include/pit.o
 .data          0x00023c20        0x0 ./src/kernel/include/rtc.o
 .data          0x00023c20        0x0 ./src/kernel/drivers/ata.o
 .data          0x00023c20       0x10 ./src/kernel/drivers/keyboard.o
                0x00023c20                __qwertyuiop
                0x00023c24                __asdfghjkl
                0x00023c28                __zxcvbnm
                0x00023c2c                __num
 .data          0x00023c30        0x0 ./src/kernel/drivers/serial.o
 .data          0x00023c30        0x0 ./src/kernel/include/memory/pmm.o

.got            0x00023c30        0x0
 .got           0x00023c30        0x0 ./src/kernel/loader.o

.got.plt        0x00023c30        0x0
 .got.plt       0x00023c30        0x0 ./src/kernel/loader.o

.igot.plt       0x00023c30        0x0
 .igot.plt      0x00023c30        0x0 ./src/kernel/loader.o

.bss            0x00023c40    0x201b0
 *(.bss)
 .bss           0x00023c40       0x10 ./src/kernel/kernel.o
                0x00023c40                num_smap_entries
                0x00023c44                total_mem
                0x00023c48                SMAP_entry
                0x00023c4c                graphics_mode
                0x00023c4e                pit_freq
 *fill*         0x00023c50       0x10 
 .bss           0x00023c60      0x420 ./src/kernel/include/libc/stdio.o
                0x00023c60                terminal_row
                0x00023c68                terminal_column
                0x00023c70                terminal_color
                0x00023c74                terminal_buffer
 .bss           0x00024080        0x0 ./src/kernel/include/libc/string.o
 .bss           0x00024080    0x1f420 ./src/kernel/include/graphics.o
                0x00024080                curx
                0x00024084                cury
                0x000240a0                backbuff
                0x00033aa0                oldbuff
 .bss           0x000434a0      0x806 ./src/kernel/include/idt.o
                0x000434a0                idt
                0x00043ca0                idtr
 .bss           0x00043ca6        0x0 ./src/kernel/include/io.o
 .bss           0x00043ca6        0x0 ./src/kernel/include/pic.o
 *fill*         0x00043ca6        0x2 
 .bss           0x00043ca8        0x8 ./src/kernel/include/pit.o
                0x00043ca8                sleep_counter
                0x00043cac                ticks
 .bss           0x00043cb0        0xc ./src/kernel/include/rtc.o
                0x00043cb0                global_time
 .bss           0x00043cbc        0x0 ./src/kernel/drivers/ata.o
 *fill*         0x00043cbc        0x4 
 .bss           0x00043cc0      0x122 ./src/kernel/drivers/keyboard.o
                0x00043cc0                wait_key
                0x00043cc4                a
                0x00043cc8                last_pressed_key
                0x00043ce0                keycache
                0x00043de0                kci
                0x00043de1                e0
 .bss           0x00043de2        0x1 ./src/kernel/drivers/serial.o
                0x00043de2                is_serial_on
 *fill*         0x00043de3        0x1 
 .bss           0x00043de4        0xc ./src/kernel/include/memory/pmm.o
                0x00043de4                memory_map
                0x00043de8                max_blocks
                0x00043dec                used_blocks
LOAD ./src/kernel/loader.o
LOAD ./src/kernel/kernel.o
LOAD ./src/kernel/include/libc/stdio.o
LOAD ./src/kernel/include/libc/string.o
LOAD ./src/kernel/include/graphics.o
LOAD ./src/kernel/include/idt.o
LOAD ./src/kernel/include/io.o
LOAD ./src/kernel/include/pic.o
LOAD ./src/kernel/include/pit.o
LOAD ./src/kernel/include/rtc.o
LOAD ./src/kernel/drivers/ata.o
LOAD ./src/kernel/drivers/keyboard.o
LOAD ./src/kernel/drivers/serial.o
LOAD ./src/kernel/include/memory/pmm.o
OUTPUT(./src/kernel/kernel.elf elf32-i386)

.debug_info     0x00000000     0x2feb
 .debug_info    0x00000000      0x733 ./src/kernel/kernel.o
 .debug_info    0x00000733      0x7a2 ./src/kernel/include/libc/stdio.o
 .debug_info    0x00000ed5      0x251 ./src/kernel/include/libc/string.o
 .debug_info    0x00001126      0x4b9 ./src/kernel/include/graphics.o
 .debug_info    0x000015df      0x2d0 ./src/kernel/include/idt.o
 .debug_info    0x000018af      0x15a ./src/kernel/include/io.o
 .debug_info    0x00001a09      0x198 ./src/kernel/include/pic.o
 .debug_info    0x00001ba1      0x2ac ./src/kernel/include/pit.o
 .debug_info    0x00001e4d      0x340 ./src/kernel/include/rtc.o
 .debug_info    0x0000218d      0x220 ./src/kernel/drivers/ata.o
 .debug_info    0x000023ad      0x757 ./src/kernel/drivers/keyboard.o
 .debug_info    0x00002b04      0x140 ./src/kernel/drivers/serial.o
 .debug_info    0x00002c44      0x3a7 ./src/kernel/include/memory/pmm.o

.debug_abbrev   0x00000000     0x11fa
 .debug_abbrev  0x00000000      0x29a ./src/kernel/kernel.o
 .debug_abbrev  0x0000029a      0x1da ./src/kernel/include/libc/stdio.o
 .debug_abbrev  0x00000474       0xe6 ./src/kernel/include/libc/string.o
 .debug_abbrev  0x0000055a      0x18e ./src/kernel/include/graphics.o
 .debug_abbrev  0x000006e8      0x172 ./src/kernel/include/idt.o
 .debug_abbrev  0x0000085a       0xbd ./src/kernel/include/io.o
 .debug_abbrev  0x00000917       0xff ./src/kernel/include/pic.o
 .debug_abbrev  0x00000a16      0x13b ./src/kernel/include/pit.o
 .debug_abbrev  0x00000b51      0x176 ./src/kernel/include/rtc.o
 .debug_abbrev  0x00000cc7      0x10b ./src/kernel/drivers/ata.o
 .debug_abbrev  0x00000dd2      0x1c8 ./src/kernel/drivers/keyboard.o
 .debug_abbrev  0x00000f9a       0xed ./src/kernel/drivers/serial.o
 .debug_abbrev  0x00001087      0x173 ./src/kernel/include/memory/pmm.o

.debug_aranges  0x00000000      0x1a0
 .debug_aranges
                0x00000000       0x20 ./src/kernel/kernel.o
 .debug_aranges
                0x00000020       0x20 ./src/kernel/include/libc/stdio.o
 .debug_aranges
                0x00000040       0x20 ./src/kernel/include/libc/string.o
 .debug_aranges
                0x00000060       0x20 ./src/kernel/include/graphics.o
 .debug_aranges
                0x00000080       0x20 ./src/kernel/include/idt.o
 .debug_aranges
                0x000000a0       0x20 ./src/kernel/include/io.o
 .debug_aranges
                0x000000c0       0x20 ./src/kernel/include/pic.o
 .debug_aranges
                0x000000e0       0x20 ./src/kernel/include/pit.o
 .debug_aranges
                0x00000100       0x20 ./src/kernel/include/rtc.o
 .debug_aranges
                0x00000120       0x20 ./src/kernel/drivers/ata.o
 .debug_aranges
                0x00000140       0x20 ./src/kernel/drivers/keyboard.o
 .debug_aranges
                0x00000160       0x20 ./src/kernel/drivers/serial.o
 .debug_aranges
                0x00000180       0x20 ./src/kernel/include/memory/pmm.o

.debug_line     0x00000000     0x186c
 .debug_line    0x00000000      0x2c0 ./src/kernel/kernel.o
 .debug_line    0x000002c0      0x418 ./src/kernel/include/libc/stdio.o
 .debug_line    0x000006d8      0x16d ./src/kernel/include/libc/string.o
 .debug_line    0x00000845      0x26a ./src/kernel/include/graphics.o
 .debug_line    0x00000aaf      0x10d ./src/kernel/include/idt.o
 .debug_line    0x00000bbc       0x84 ./src/kernel/include/io.o
 .debug_line    0x00000c40       0xdf ./src/kernel/include/pic.o
 .debug_line    0x00000d1f      0x11c ./src/kernel/include/pit.o
 .debug_line    0x00000e3b      0x28f ./src/kernel/include/rtc.o
 .debug_line    0x000010ca      0x1bb ./src/kernel/drivers/ata.o
 .debug_line    0x00001285      0x2d3 ./src/kernel/drivers/keyboard.o
 .debug_line    0x00001558       0xd2 ./src/kernel/drivers/serial.o
 .debug_line    0x0000162a      0x242 ./src/kernel/include/memory/pmm.o

.debug_str      0x00000000     0x10a7
 .debug_str     0x00000000     0x10a7 ./src/kernel/kernel.o
                                0x3f6 (size before relaxing)
 .debug_str     0x000010a7      0x373 ./src/kernel/include/libc/stdio.o
 .debug_str     0x000010a7      0x128 ./src/kernel/include/libc/string.o
 .debug_str     0x000010a7      0x1ea ./src/kernel/include/graphics.o
 .debug_str     0x000010a7      0x216 ./src/kernel/include/idt.o
 .debug_str     0x000010a7      0x105 ./src/kernel/include/io.o
 .debug_str     0x000010a7      0x15c ./src/kernel/include/pic.o
 .debug_str     0x000010a7      0x1e5 ./src/kernel/include/pit.o
 .debug_str     0x000010a7      0x21b ./src/kernel/include/rtc.o
 .debug_str     0x000010a7      0x16a ./src/kernel/drivers/ata.o
 .debug_str     0x000010a7      0xb0f ./src/kernel/drivers/keyboard.o
 .debug_str     0x000010a7      0x143 ./src/kernel/drivers/serial.o
 .debug_str     0x000010a7      0x223 ./src/kernel/include/memory/pmm.o

.debug_line_str
                0x00000000      0x514
 .debug_line_str
                0x00000000      0x514 ./src/kernel/kernel.o
                                0x204 (size before relaxing)
 .debug_line_str
                0x00000514      0x1b1 ./src/kernel/include/libc/stdio.o
 .debug_line_str
                0x00000514       0xb4 ./src/kernel/include/libc/string.o
 .debug_line_str
                0x00000514       0xd9 ./src/kernel/include/graphics.o
 .debug_line_str
                0x00000514       0xa5 ./src/kernel/include/idt.o
 .debug_line_str
                0x00000514       0x9c ./src/kernel/include/io.o
 .debug_line_str
                0x00000514       0xbb ./src/kernel/include/pic.o
 .debug_line_str
                0x00000514      0x106 ./src/kernel/include/pit.o
 .debug_line_str
                0x00000514      0x107 ./src/kernel/include/rtc.o
 .debug_line_str
                0x00000514       0xd5 ./src/kernel/drivers/ata.o
 .debug_line_str
                0x00000514      0x16b ./src/kernel/drivers/keyboard.o
 .debug_line_str
                0x00000514       0xd6 ./src/kernel/drivers/serial.o
 .debug_line_str
                0x00000514       0xc6 ./src/kernel/include/memory/pmm.o

.comment        0x00000000       0x12
 .comment       0x00000000       0x12 ./src/kernel/kernel.o
                                 0x13 (size before relaxing)
 .comment       0x00000012       0x13 ./src/kernel/include/libc/stdio.o
 .comment       0x00000012       0x13 ./src/kernel/include/libc/string.o
 .comment       0x00000012       0x13 ./src/kernel/include/graphics.o
 .comment       0x00000012       0x13 ./src/kernel/include/idt.o
 .comment       0x00000012       0x13 ./src/kernel/include/io.o
 .comment       0x00000012       0x13 ./src/kernel/include/pic.o
 .comment       0x00000012       0x13 ./src/kernel/include/pit.o
 .comment       0x00000012       0x13 ./src/kernel/include/rtc.o
 .comment       0x00000012       0x13 ./src/kernel/drivers/ata.o
 .comment       0x00000012       0x13 ./src/kernel/drivers/keyboard.o
 .comment       0x00000012       0x13 ./src/kernel/drivers/serial.o
 .comment       0x00000012       0x13 ./src/kernel/include/memory/pmm.o

.debug_frame    0x00000000      0xd48
 .debug_frame   0x00000000      0x18c ./src/kernel/kernel.o
 .debug_frame   0x0000018c      0x2b4 ./src/kernel/include/libc/stdio.o
 .debug_frame   0x00000440       0xe0 ./src/kernel/include/libc/string.o
 .debug_frame   0x00000520      0x180 ./src/kernel/include/graphics.o
 .debug_frame   0x000006a0       0xc4 ./src/kernel/include/idt.o
 .debug_frame   0x00000764       0xb4 ./src/kernel/include/io.o
 .debug_frame   0x00000818       0xbc ./src/kernel/include/pic.o
 .debug_frame   0x000008d4       0xe0 ./src/kernel/include/pit.o
 .debug_frame   0x000009b4       0xe0 ./src/kernel/include/rtc.o
 .debug_frame   0x00000a94       0x58 ./src/kernel/drivers/ata.o
 .debug_frame   0x00000aec       0x80 ./src/kernel/drivers/keyboard.o
 .debug_frame   0x00000b6c       0x94 ./src/kernel/drivers/serial.o
 .debug_frame   0x00000c00      0x148 ./src/kernel/include/memory/pmm.o
