
There are no discarded input sections

Memory Configuration

Name             Origin             Length             Attributes
*default*        0x00000000         0xffffffff

Linker script and memory map

                0x00020000                        . = 0x20000

.text           0x00020000     0x26f2
 *(.text)
 .text          0x00020000        0x9 ./src/stage2/loader.o
 .text          0x00020009      0x948 ./src/stage2/kernel.o
                0x00020009                div_by_zero
                0x00020045                overflow
                0x0002006d                invalid_opcode
                0x00020117                reboot
                0x00020155                _kstart
 .text          0x00020951      0x917 ./src/stage2/include/libc/stdio.o
                0x00020951                terminal_initialize
                0x00020a52                terminal_clear
                0x00020b3a                terminal_setcolor
                0x00020b52                terminal_putentryat
                0x00020bf7                terminal_putchar
                0x00020dba                terminal_write
                0x00020e1f                terminal_writestring_color
                0x00020e52                terminal_writestring
                0x00020eaa                printf
                0x00021045                convert
                0x00021092                printe
                0x000210b8                printd
                0x00021125                disable_cursor
                0x00021152                enable_cursor
                0x000211e9                update_cursor
 .text          0x00021268       0xcc ./src/stage2/include/libc/string.o
                0x00021268                strlen
                0x0002129d                strcmp
                0x000212dc                memset
 .text          0x00021334       0x2f ./src/stage2/include/graphics.o
                0x00021334                putpixel
 .text          0x00021363      0x161 ./src/stage2/include/idt.o
                0x00021363                default_exception_handler
                0x00021378                default_exception_handler_err_code
                0x00021396                default_interrupt_handler
                0x000213ab                set_idt_descriptor
                0x00021403                init_idt
 .text          0x000214c4       0x93 ./src/stage2/include/io.o
                0x000214c4                outb
                0x000214e5                inb
                0x00021502                outw
                0x00021523                inw
                0x00021542                io_wait
 .text          0x00021557      0x233 ./src/stage2/include/pic.o
                0x00021557                PIC_sendEOI
                0x0002158d                pic_disable
                0x000215bd                IRQ_set_mask
                0x00021623                IRQ_clear_mask
                0x0002168b                remap_PIC
 .text          0x0002178a      0x1d3 ./src/stage2/include/pit.o
                0x0002178a                timer_irq_handler
                0x000217d7                msleep
                0x00021826                set_pit_mode_frequency
                0x000218b7                StartSound
                0x00021907                StopSound
                0x00021933                beep
 .text          0x0002195d      0x49b ./src/stage2/include/rtc.o
                0x000219cb                rtc_handler
                0x00021d38                enable_rtc
                0x00021d88                print_time
 .text          0x00021df8      0x2aa ./src/stage2/drivers/ata.o
                0x00021df8                ata_write_sector
                0x00021f43                ata_read_sector
 .text          0x000220a2      0x650 ./src/stage2/drivers/keyboard.o
                0x000220a2                put_kb
                0x000225f5                kbd_handler
                0x0002268b                get_input

.iplt           0x000226f2        0x0
 .iplt          0x000226f2        0x0 ./src/stage2/loader.o

.rodata         0x000226f8      0x2bf
 *(.rodata)
 .rodata        0x000226f8      0x19e ./src/stage2/kernel.o
 *fill*         0x00022896        0x2 
 .rodata        0x00022898       0x94 ./src/stage2/include/libc/stdio.o
 *fill*         0x0002292c        0x4 
 .rodata        0x00022930       0x10 ./src/stage2/include/pit.o
 .rodata        0x00022940       0x23 ./src/stage2/include/rtc.o
 *fill*         0x00022963        0x5 
 .rodata        0x00022968       0x14 ./src/stage2/drivers/ata.o
 *fill*         0x0002297c        0x4 
 .rodata        0x00022980       0x37 ./src/stage2/drivers/keyboard.o

.rel.dyn        0x000229b8        0x0
 .rel.got       0x000229b8        0x0 ./src/stage2/loader.o
 .rel.iplt      0x000229b8        0x0 ./src/stage2/loader.o

.data           0x000229b8       0x24
 *(.data)
 .data          0x000229b8        0x0 ./src/stage2/kernel.o
 .data          0x000229b8       0x11 ./src/stage2/include/libc/stdio.o
 .data          0x000229c9        0x0 ./src/stage2/include/libc/string.o
 .data          0x000229c9        0x0 ./src/stage2/include/graphics.o
 .data          0x000229c9        0x0 ./src/stage2/include/idt.o
 .data          0x000229c9        0x0 ./src/stage2/include/io.o
 .data          0x000229c9        0x0 ./src/stage2/include/pic.o
 .data          0x000229c9        0x0 ./src/stage2/include/pit.o
 .data          0x000229c9        0x0 ./src/stage2/include/rtc.o
 .data          0x000229c9        0x0 ./src/stage2/drivers/ata.o
 *fill*         0x000229c9        0x3 
 .data          0x000229cc       0x10 ./src/stage2/drivers/keyboard.o
                0x000229cc                __qwertyuiop
                0x000229d0                __asdfghjkl
                0x000229d4                __zxcvbnm
                0x000229d8                __num

.got            0x000229dc        0x0
 .got           0x000229dc        0x0 ./src/stage2/loader.o

.got.plt        0x000229dc        0x0
 .got.plt       0x000229dc        0x0 ./src/stage2/loader.o

.igot.plt       0x000229dc        0x0
 .igot.plt      0x000229dc        0x0 ./src/stage2/loader.o

.bss            0x000229e0      0x9c1
 *(.bss)
 .bss           0x000229e0        0x2 ./src/stage2/kernel.o
                0x000229e0                pit_freq
 *fill*         0x000229e2       0x1e 
 .bss           0x00022a00       0x52 ./src/stage2/include/libc/stdio.o
                0x00022a00                terminal_row
                0x00022a08                terminal_column
                0x00022a10                terminal_color
                0x00022a14                terminal_buffer
 .bss           0x00022a52        0x0 ./src/stage2/include/libc/string.o
 .bss           0x00022a52        0x0 ./src/stage2/include/graphics.o
 *fill*         0x00022a52        0xe 
 .bss           0x00022a60      0x806 ./src/stage2/include/idt.o
                0x00022a60                idt
                0x00023260                idtr
 .bss           0x00023266        0x0 ./src/stage2/include/io.o
 .bss           0x00023266        0x0 ./src/stage2/include/pic.o
 *fill*         0x00023266        0x2 
 .bss           0x00023268        0x8 ./src/stage2/include/pit.o
                0x00023268                sleep_counter
                0x0002326c                ticks
 .bss           0x00023270        0xc ./src/stage2/include/rtc.o
                0x00023270                global_time
 .bss           0x0002327c        0x0 ./src/stage2/drivers/ata.o
 *fill*         0x0002327c        0x4 
 .bss           0x00023280      0x121 ./src/stage2/drivers/keyboard.o
                0x00023280                last_pressed_key
                0x000232a0                keycache
                0x000233a0                kci
LOAD ./src/stage2/loader.o
LOAD ./src/stage2/kernel.o
LOAD ./src/stage2/include/libc/stdio.o
LOAD ./src/stage2/include/libc/string.o
LOAD ./src/stage2/include/graphics.o
LOAD ./src/stage2/include/idt.o
LOAD ./src/stage2/include/io.o
LOAD ./src/stage2/include/pic.o
LOAD ./src/stage2/include/pit.o
LOAD ./src/stage2/include/rtc.o
LOAD ./src/stage2/drivers/ata.o
LOAD ./src/stage2/drivers/keyboard.o
OUTPUT(./src/stage2/kernel.elf elf32-i386)

.debug_info     0x00000000     0x2029
 .debug_info    0x00000000      0x4ea ./src/stage2/kernel.o
 .debug_info    0x000004ea      0x588 ./src/stage2/include/libc/stdio.o
 .debug_info    0x00000a72      0x152 ./src/stage2/include/libc/string.o
 .debug_info    0x00000bc4       0xa8 ./src/stage2/include/graphics.o
 .debug_info    0x00000c6c      0x2ad ./src/stage2/include/idt.o
 .debug_info    0x00000f19      0x137 ./src/stage2/include/io.o
 .debug_info    0x00001050      0x175 ./src/stage2/include/pic.o
 .debug_info    0x000011c5      0x290 ./src/stage2/include/pit.o
 .debug_info    0x00001455      0x305 ./src/stage2/include/rtc.o
 .debug_info    0x0000175a      0x204 ./src/stage2/drivers/ata.o
 .debug_info    0x0000195e      0x6cb ./src/stage2/drivers/keyboard.o

.debug_abbrev   0x00000000      0xe2e
 .debug_abbrev  0x00000000      0x258 ./src/stage2/kernel.o
 .debug_abbrev  0x00000258      0x1c1 ./src/stage2/include/libc/stdio.o
 .debug_abbrev  0x00000419       0xd9 ./src/stage2/include/libc/string.o
 .debug_abbrev  0x000004f2       0x89 ./src/stage2/include/graphics.o
 .debug_abbrev  0x0000057b      0x172 ./src/stage2/include/idt.o
 .debug_abbrev  0x000006ed       0xbd ./src/stage2/include/io.o
 .debug_abbrev  0x000007aa       0xff ./src/stage2/include/pic.o
 .debug_abbrev  0x000008a9      0x13b ./src/stage2/include/pit.o
 .debug_abbrev  0x000009e4      0x175 ./src/stage2/include/rtc.o
 .debug_abbrev  0x00000b59      0x10b ./src/stage2/drivers/ata.o
 .debug_abbrev  0x00000c64      0x1ca ./src/stage2/drivers/keyboard.o

.debug_aranges  0x00000000      0x160
 .debug_aranges
                0x00000000       0x20 ./src/stage2/kernel.o
 .debug_aranges
                0x00000020       0x20 ./src/stage2/include/libc/stdio.o
 .debug_aranges
                0x00000040       0x20 ./src/stage2/include/libc/string.o
 .debug_aranges
                0x00000060       0x20 ./src/stage2/include/graphics.o
 .debug_aranges
                0x00000080       0x20 ./src/stage2/include/idt.o
 .debug_aranges
                0x000000a0       0x20 ./src/stage2/include/io.o
 .debug_aranges
                0x000000c0       0x20 ./src/stage2/include/pic.o
 .debug_aranges
                0x000000e0       0x20 ./src/stage2/include/pit.o
 .debug_aranges
                0x00000100       0x20 ./src/stage2/include/rtc.o
 .debug_aranges
                0x00000120       0x20 ./src/stage2/drivers/ata.o
 .debug_aranges
                0x00000140       0x20 ./src/stage2/drivers/keyboard.o

.debug_line     0x00000000     0x1259
 .debug_line    0x00000000      0x3f6 ./src/stage2/kernel.o
 .debug_line    0x000003f6      0x304 ./src/stage2/include/libc/stdio.o
 .debug_line    0x000006fa       0xcc ./src/stage2/include/libc/string.o
 .debug_line    0x000007c6       0x61 ./src/stage2/include/graphics.o
 .debug_line    0x00000827      0x10d ./src/stage2/include/idt.o
 .debug_line    0x00000934       0x84 ./src/stage2/include/io.o
 .debug_line    0x000009b8       0xdf ./src/stage2/include/pic.o
 .debug_line    0x00000a97      0x11c ./src/stage2/include/pit.o
 .debug_line    0x00000bb3      0x241 ./src/stage2/include/rtc.o
 .debug_line    0x00000df4      0x1bb ./src/stage2/drivers/ata.o
 .debug_line    0x00000faf      0x2aa ./src/stage2/drivers/keyboard.o

.debug_str      0x00000000      0xee9
 .debug_str     0x00000000      0xee9 ./src/stage2/kernel.o
                                0x3de (size before relaxing)
 .debug_str     0x00000ee9      0x2ca ./src/stage2/include/libc/stdio.o
 .debug_str     0x00000ee9       0xe6 ./src/stage2/include/libc/string.o
 .debug_str     0x00000ee9       0xce ./src/stage2/include/graphics.o
 .debug_str     0x00000ee9      0x1e4 ./src/stage2/include/idt.o
 .debug_str     0x00000ee9       0xd3 ./src/stage2/include/io.o
 .debug_str     0x00000ee9      0x12a ./src/stage2/include/pic.o
 .debug_str     0x00000ee9      0x1b8 ./src/stage2/include/pit.o
 .debug_str     0x00000ee9      0x1e0 ./src/stage2/include/rtc.o
 .debug_str     0x00000ee9      0x13d ./src/stage2/drivers/ata.o
 .debug_str     0x00000ee9      0xaeb ./src/stage2/drivers/keyboard.o

.debug_line_str
                0x00000000      0x3a8
 .debug_line_str
                0x00000000      0x3a8 ./src/stage2/kernel.o
                                0x1a9 (size before relaxing)
 .debug_line_str
                0x000003a8      0x112 ./src/stage2/include/libc/stdio.o
 .debug_line_str
                0x000003a8       0xbe ./src/stage2/include/libc/string.o
 .debug_line_str
                0x000003a8       0xb0 ./src/stage2/include/graphics.o
 .debug_line_str
                0x000003a8       0xa5 ./src/stage2/include/idt.o
 .debug_line_str
                0x000003a8       0x9c ./src/stage2/include/io.o
 .debug_line_str
                0x000003a8       0xbb ./src/stage2/include/pic.o
 .debug_line_str
                0x000003a8      0x106 ./src/stage2/include/pit.o
 .debug_line_str
                0x000003a8      0x111 ./src/stage2/include/rtc.o
 .debug_line_str
                0x000003a8       0xd5 ./src/stage2/drivers/ata.o
 .debug_line_str
                0x000003a8      0x12f ./src/stage2/drivers/keyboard.o

.comment        0x00000000       0x12
 .comment       0x00000000       0x12 ./src/stage2/kernel.o
                                 0x13 (size before relaxing)
 .comment       0x00000012       0x13 ./src/stage2/include/libc/stdio.o
 .comment       0x00000012       0x13 ./src/stage2/include/libc/string.o
 .comment       0x00000012       0x13 ./src/stage2/include/graphics.o
 .comment       0x00000012       0x13 ./src/stage2/include/idt.o
 .comment       0x00000012       0x13 ./src/stage2/include/io.o
 .comment       0x00000012       0x13 ./src/stage2/include/pic.o
 .comment       0x00000012       0x13 ./src/stage2/include/pit.o
 .comment       0x00000012       0x13 ./src/stage2/include/rtc.o
 .comment       0x00000012       0x13 ./src/stage2/drivers/ata.o
 .comment       0x00000012       0x13 ./src/stage2/drivers/keyboard.o

.debug_frame    0x00000000      0x8ac
 .debug_frame   0x00000000      0x11c ./src/stage2/kernel.o
 .debug_frame   0x0000011c      0x214 ./src/stage2/include/libc/stdio.o
 .debug_frame   0x00000330       0x74 ./src/stage2/include/libc/string.o
 .debug_frame   0x000003a4       0x34 ./src/stage2/include/graphics.o
 .debug_frame   0x000003d8       0xc4 ./src/stage2/include/idt.o
 .debug_frame   0x0000049c       0xb4 ./src/stage2/include/io.o
 .debug_frame   0x00000550       0xbc ./src/stage2/include/pic.o
 .debug_frame   0x0000060c       0xe0 ./src/stage2/include/pit.o
 .debug_frame   0x000006ec       0xe0 ./src/stage2/include/rtc.o
 .debug_frame   0x000007cc       0x58 ./src/stage2/drivers/ata.o
 .debug_frame   0x00000824       0x88 ./src/stage2/drivers/keyboard.o
